Apr  6 00:01:04 debian rsyslogd:  [origin software="rsyslogd" swVersion="8.1901.0" x-pid="624" x-info="https://www.rsyslog.com"] rsyslogd was HUPed
Apr  6 00:01:04 debian rsyslogd:  [origin software="rsyslogd" swVersion="8.1901.0" x-pid="624" x-info="https://www.rsyslog.com"] rsyslogd was HUPed
Apr  6 00:01:04 debian systemd[1]: man-db.service: Succeeded.
Apr  6 00:01:04 debian systemd[1]: Started Daily man-db regeneration.
Apr  6 00:01:04 debian systemd[1]: logrotate.service: Succeeded.
Apr  6 00:01:04 debian systemd[1]: Started Rotate log files.
Apr  6 00:09:55 debian nautilus[12218]: eel_timed_wait_stop: assertion 'wait != NULL' failed
Apr  6 00:10:19 debian rtkit-daemon[846]: Supervising 6 threads of 4 processes of 1 users.
Apr  6 00:10:19 debian rtkit-daemon[846]: Supervising 6 threads of 4 processes of 1 users.
Apr  6 00:10:20 debian rtkit-daemon[846]: Supervising 6 threads of 4 processes of 1 users.
Apr  6 00:10:20 debian rtkit-daemon[846]: Supervising 6 threads of 4 processes of 1 users.
Apr  6 00:10:38 debian firefox-esr.desktop[1571]: IPDL protocol error: Handler returned error code!
Apr  6 00:10:38 debian firefox-esr.desktop[1571]: ###!!! [Parent][DispatchAsyncMessage] Error: PLayerTransaction::Msg_ReleaseLayer Processing error: message was deserialized, but the handler returned false (indicating failure)
Apr  6 00:10:38 debian firefox-esr.desktop[1571]: IPDL protocol error: Handler returned error code!
Apr  6 00:10:38 debian firefox-esr.desktop[1571]: ###!!! [Parent][DispatchAsyncMessage] Error: PLayerTransaction::Msg_ReleaseLayer Processing error: message was deserialized, but the handler returned false (indicating failure)
Apr  6 00:10:38 debian firefox-esr.desktop[1571]: IPDL protocol error: Handler returned error code!
Apr  6 00:10:38 debian firefox-esr.desktop[1571]: ###!!! [Parent][DispatchAsyncMessage] Error: PLayerTransaction::Msg_ReleaseLayer Processing error: message was deserialized, but the handler returned false (indicating failure)
Apr  6 00:10:38 debian firefox-esr.desktop[1571]: IPDL protocol error: Handler returned error code!
Apr  6 00:10:38 debian firefox-esr.desktop[1571]: ###!!! [Parent][DispatchAsyncMessage] Error: PLayerTransaction::Msg_ReleaseLayer Processing error: message was deserialized, but the handler returned false (indicating failure)
Apr  6 00:10:38 debian firefox-esr.desktop[1571]: IPDL protocol error: Handler returned error code!
Apr  6 00:10:38 debian firefox-esr.desktop[1571]: ###!!! [Parent][DispatchAsyncMessage] Error: PLayerTransaction::Msg_ReleaseLayer Processing error: message was deserialized, but the handler returned false (indicating failure)
Apr  6 00:10:38 debian firefox-esr.desktop[1571]: IPDL protocol error: Handler returned error code!
Apr  6 00:10:38 debian firefox-esr.desktop[1571]: ###!!! [Parent][DispatchAsyncMessage] Error: PLayerTransaction::Msg_ReleaseLayer Processing error: message was deserialized, but the handler returned false (indicating failure)
Apr  6 00:10:59 debian org.gnome.Shell.desktop[1571]: Window manager warning: Invalid WM_TRANSIENT_FOR window 0x1a00008 specified for 0x1a000b2 (MEGAsync).
Apr  6 00:11:04 debian systemd[1]: unattended-upgrades.service: Succeeded.
Apr  6 00:11:06 debian gnome-session-binary[1497]: Entering running state
Apr  6 00:11:13 debian pulseaudio[845]: W: [pulseaudio] sink-input.c: Failed to create sink input: sink is suspended.
Apr  6 00:11:34 debian systemd[1]: Stopping Session c1 of user Debian-gdm.
Apr  6 00:11:34 debian systemd[1]: Stopping Manage, Install and Generate Color Profiles...
Apr  6 00:11:34 debian systemd[1]: Stopping Authorization Manager...
Apr  6 00:11:34 debian systemd[1]: Stopped target Timers.
Apr  6 00:11:34 debian systemd[1]: anacron.timer: Succeeded.
Apr  6 00:11:34 debian systemd[1]: Stopped Trigger anacron every hour.
Apr  6 00:11:34 debian systemd[1]: man-db.timer: Succeeded.
Apr  6 00:11:34 debian systemd[1]: Stopped Daily man-db regeneration.
Apr  6 00:11:34 debian systemd[1]: logrotate.timer: Succeeded.
Apr  6 00:11:34 debian systemd[1]: Stopped Daily rotation of log files.
Apr  6 00:11:34 debian systemd[1]: Stopped target Sound Card.
Apr  6 00:11:34 debian systemd[1]: Stopping Save/Restore Sound Card State...
Apr  6 00:11:34 debian systemd[1]: systemd-tmpfiles-clean.timer: Succeeded.
Apr  6 00:11:34 debian systemd[1]: Stopped Daily Cleanup of Temporary Directories.
Apr  6 00:11:34 debian systemd[1]: apt-daily-upgrade.timer: Succeeded.
Apr  6 00:11:34 debian systemd[1]: Stopped Daily apt upgrade and clean activities.
Apr  6 00:11:34 debian systemd[1]: apt-daily.timer: Succeeded.
Apr  6 00:11:34 debian systemd[1]: Stopped Daily apt download activities.
Apr  6 00:11:34 debian systemd[1]: Stopped target Graphical Interface.
Apr  6 00:11:34 debian systemd[1]: Stopping Accounts Service...
Apr  6 00:11:34 debian systemd[1]: Stopping GNOME Display Manager...
Apr  6 00:11:34 debian systemd[1]: Stopping Daemon for power management...
Apr  6 00:11:34 debian systemd[1]: Stopping RealtimeKit Scheduling Policy Service...
Apr  6 00:11:34 debian systemd[1]: Stopping Disk Manager...
Apr  6 00:11:34 debian kernel: [18120.505279] rfkill: input handler enabled
Apr  6 07:56:33 debian systemd-modules-load[289]: Inserted module 'lp'
Apr  6 07:56:33 debian systemd-modules-load[289]: Inserted module 'ppdev'
Apr  6 07:56:33 debian systemd-modules-load[289]: Inserted module 'parport_pc'
Apr  6 07:56:33 debian systemd-tmpfiles[318]: [/usr/lib/tmpfiles.d/speech-dispatcher.conf:1] Line references path below legacy directory /var/run/, updating /var/run/speech-dispatcher → /run/speech-dispatcher; please update the tmpfiles.d/ drop-in file accordingly.
Apr  6 07:56:33 debian systemd-tmpfiles[318]: [/usr/lib/tmpfiles.d/speech-dispatcher.conf:2] Line references path below legacy directory /var/run/, updating /var/run/speech-dispatcher/.cache → /run/speech-dispatcher/.cache; please update the tmpfiles.d/ drop-in file accordingly.
Apr  6 07:56:33 debian systemd-tmpfiles[318]: [/usr/lib/tmpfiles.d/speech-dispatcher.conf:3] Line references path below legacy directory /var/run/, updating /var/run/speech-dispatcher/.speech-dispatcher → /run/speech-dispatcher/.speech-dispatcher; please update the tmpfiles.d/ drop-in file accordingly.
Apr  6 07:56:33 debian systemd-tmpfiles[318]: [/usr/lib/tmpfiles.d/speech-dispatcher.conf:4] Line references path below legacy directory /var/run/, updating /var/run/speech-dispatcher/.cache/speech-dispatcher → /run/speech-dispatcher/.cache/speech-dispatcher; please update the tmpfiles.d/ drop-in file accordingly.
Apr  6 07:56:33 debian systemd-tmpfiles[318]: [/usr/lib/tmpfiles.d/speech-dispatcher.conf:5] Line references path below legacy directory /var/run/, updating /var/run/speech-dispatcher/log → /run/speech-dispatcher/log; please update the tmpfiles.d/ drop-in file accordingly.
Apr  6 07:56:33 debian systemd[1]: Starting Flush Journal to Persistent Storage...
Apr  6 07:56:33 debian systemd[1]: Started udev Coldplug all Devices.
Apr  6 07:56:33 debian systemd[1]: Starting Helper to synchronize boot up for ifupdown...
Apr  6 07:56:33 debian systemd[1]: Started Helper to synchronize boot up for ifupdown.
Apr  6 07:56:33 debian systemd[1]: Started Set the console keyboard layout.
Apr  6 07:56:33 debian systemd[1]: Reached target Local File Systems (Pre).
Apr  6 07:56:33 debian systemd[1]: Mounting Mount unit for gnome-3-28-1804, revision 145...
Apr  6 07:56:33 debian systemd[1]: Mounting Mount unit for wine-platform-5-stable, revision 16...
Apr  6 07:56:33 debian kernel: [    0.000000] Linux version 4.19.0-16-amd64 (debian-kernel@lists.debian.org) (gcc version 8.3.0 (Debian 8.3.0-6)) #1 SMP Debian 4.19.181-1 (2021-03-19)
Apr  6 07:56:33 debian systemd[1]: Mounting Mount unit for gtk-common-themes, revision 1514...
Apr  6 07:56:33 debian kernel: [    0.000000] Command line: BOOT_IMAGE=/boot/vmlinuz-4.19.0-16-amd64 root=UUID=deb69fe0-e2bf-4597-9d23-6e4b69f6ebc0 ro quiet
Apr  6 07:56:33 debian kernel: [    0.000000] x86/fpu: Supporting XSAVE feature 0x001: 'x87 floating point registers'
Apr  6 07:56:33 debian systemd[1]: Mounting Mount unit for pycharm-community, revision 233...
Apr  6 07:56:33 debian kernel: [    0.000000] x86/fpu: Supporting XSAVE feature 0x002: 'SSE registers'
Apr  6 07:56:33 debian kernel: [    0.000000] x86/fpu: Supporting XSAVE feature 0x004: 'AVX registers'
Apr  6 07:56:33 debian kernel: [    0.000000] x86/fpu: Supporting XSAVE feature 0x008: 'MPX bounds registers'
Apr  6 07:56:33 debian kernel: [    0.000000] x86/fpu: Supporting XSAVE feature 0x010: 'MPX CSR'
Apr  6 07:56:33 debian systemd[1]: Mounting Mount unit for notepad-plus-plus, revision 260...
Apr  6 07:56:33 debian kernel: [    0.000000] x86/fpu: xstate_offset[2]:  576, xstate_sizes[2]:  256
Apr  6 07:56:33 debian systemd[1]: Mounting Mount unit for core18, revision 1988...
Apr  6 07:56:33 debian kernel: [    0.000000] x86/fpu: xstate_offset[3]:  832, xstate_sizes[3]:   64
Apr  6 07:56:33 debian kernel: [    0.000000] x86/fpu: xstate_offset[4]:  896, xstate_sizes[4]:   64
Apr  6 07:56:33 debian kernel: [    0.000000] x86/fpu: Enabled xstate features 0x1f, context size is 960 bytes, using 'compacted' format.
Apr  6 07:56:33 debian systemd[1]: Mounting Mount unit for core, revision 10908...
Apr  6 07:56:33 debian kernel: [    0.000000] BIOS-provided physical RAM map:
Apr  6 07:56:33 debian kernel: [    0.000000] BIOS-e820: [mem 0x0000000000000000-0x000000000009f7ff] usable
Apr  6 07:56:33 debian kernel: [    0.000000] BIOS-e820: [mem 0x000000000009f800-0x000000000009ffff] reserved
Apr  6 07:56:33 debian systemd[1]: Mounting Mount unit for intellij-idea-community, revision 289...
Apr  6 07:56:33 debian kernel: [    0.000000] BIOS-e820: [mem 0x00000000000e0000-0x00000000000fffff] reserved
Apr  6 07:56:33 debian kernel: [    0.000000] BIOS-e820: [mem 0x0000000000100000-0x0000000067e86fff] usable
Apr  6 07:56:33 debian systemd[1]: Mounting Mount unit for core18, revision 1997...
Apr  6 07:56:33 debian kernel: [    0.000000] BIOS-e820: [mem 0x0000000067e87000-0x0000000068786fff] reserved
Apr  6 07:56:33 debian kernel: [    0.000000] BIOS-e820: [mem 0x0000000068787000-0x000000007e99dfff] usable
Apr  6 07:56:33 debian kernel: [    0.000000] BIOS-e820: [mem 0x000000007e99e000-0x000000007f59dfff] reserved
Apr  6 07:56:33 debian kernel: [    0.000000] BIOS-e820: [mem 0x000000007f59e000-0x000000007fc8dfff] ACPI NVS
Apr  6 07:56:33 debian systemd[1]: Mounting Mount unit for tiled, revision 2374...
Apr  6 07:56:33 debian kernel: [    0.000000] BIOS-e820: [mem 0x000000007fc8e000-0x000000007fd0dfff] ACPI data
Apr  6 07:56:33 debian systemd[1]: Started udev Kernel Device Manager.
Apr  6 07:56:33 debian kernel: [    0.000000] BIOS-e820: [mem 0x000000007fd0e000-0x000000007fd0efff] usable
Apr  6 07:56:33 debian kernel: [    0.000000] BIOS-e820: [mem 0x000000007fd0f000-0x000000008d7fffff] reserved
Apr  6 07:56:33 debian kernel: [    0.000000] BIOS-e820: [mem 0x00000000e0000000-0x00000000efffffff] reserved
Apr  6 07:56:33 debian kernel: [    0.000000] BIOS-e820: [mem 0x00000000fe000000-0x00000000fe010fff] reserved
Apr  6 07:56:33 debian kernel: [    0.000000] BIOS-e820: [mem 0x00000000fed10000-0x00000000fed19fff] reserved
Apr  6 07:56:33 debian systemd[1]: Started Flush Journal to Persistent Storage.
Apr  6 07:56:33 debian kernel: [    0.000000] BIOS-e820: [mem 0x00000000fed84000-0x00000000fed84fff] reserved
Apr  6 07:56:33 debian systemd[1]: Starting Show Plymouth Boot Screen...
Apr  6 07:56:33 debian kernel: [    0.000000] BIOS-e820: [mem 0x00000000fee00000-0x00000000fee00fff] reserved
Apr  6 07:56:33 debian kernel: [    0.000000] BIOS-e820: [mem 0x00000000ff600000-0x00000000ffffffff] reserved
Apr  6 07:56:33 debian kernel: [    0.000000] BIOS-e820: [mem 0x0000000100000000-0x00000002707fffff] usable
Apr  6 07:56:33 debian systemd[1]: plymouth-start.service: Succeeded.
Apr  6 07:56:33 debian kernel: [    0.000000] NX (Execute Disable) protection: active
Apr  6 07:56:33 debian kernel: [    0.000000] SMBIOS 3.0 present.
Apr  6 07:56:33 debian kernel: [    0.000000] DMI: LENOVO 81N7/LNVNB161216, BIOS ALCN27WW(V2.04) 07/02/2019
Apr  6 07:56:33 debian kernel: [    0.000000] tsc: Detected 1800.000 MHz processor
Apr  6 07:56:33 debian systemd[1]: Started Show Plymouth Boot Screen.
Apr  6 07:56:33 debian kernel: [    0.002886] e820: update [mem 0x00000000-0x00000fff] usable ==> reserved
Apr  6 07:56:33 debian kernel: [    0.002888] e820: remove [mem 0x000a0000-0x000fffff] usable
Apr  6 07:56:33 debian kernel: [    0.002898] last_pfn = 0x270800 max_arch_pfn = 0x400000000
Apr  6 07:56:33 debian systemd[1]: Condition check resulted in Dispatch Password Requests to Console Directory Watch being skipped.
Apr  6 07:56:33 debian kernel: [    0.002903] MTRR default type: uncachable
Apr  6 07:56:33 debian kernel: [    0.002904] MTRR fixed ranges enabled:
Apr  6 07:56:33 debian kernel: [    0.002905]   00000-9FFFF write-back
Apr  6 07:56:33 debian systemd[1]: Reached target Local Encrypted Volumes.
Apr  6 07:56:33 debian kernel: [    0.002907]   A0000-BFFFF uncachable
Apr  6 07:56:33 debian kernel: [    0.002908]   C0000-FFFFF write-protect
Apr  6 07:56:33 debian kernel: [    0.002909] MTRR variable ranges enabled:
Apr  6 07:56:33 debian kernel: [    0.002911]   0 base 0088000000 mask 7FFF000000 write-back
Apr  6 07:56:33 debian kernel: [    0.002912]   1 base 0080000000 mask 7FF8000000 write-back
Apr  6 07:56:33 debian kernel: [    0.002914]   2 base 0000000000 mask 7F80000000 write-back
Apr  6 07:56:33 debian kernel: [    0.002915]   3 base 0200000000 mask 7E00000000 write-back
Apr  6 07:56:33 debian systemd[1]: Started Forward Password Requests to Plymouth Directory Watch.
Apr  6 07:56:33 debian kernel: [    0.002916]   4 base 0100000000 mask 7F00000000 write-back
Apr  6 07:56:33 debian kernel: [    0.002917]   5 disabled
Apr  6 07:56:33 debian kernel: [    0.002917]   6 disabled
Apr  6 07:56:33 debian kernel: [    0.002918]   7 disabled
Apr  6 07:56:33 debian kernel: [    0.002919]   8 disabled
Apr  6 07:56:33 debian kernel: [    0.002919]   9 disabled
Apr  6 07:56:33 debian mtp-probe: checking bus 1, device 4: "/sys/devices/pci0000:00/0000:00:14.0/usb1/1-6"
Apr  6 07:56:33 debian kernel: [    0.004406] x86/PAT: Configuration [0-7]: WB  WC  UC- UC  WB  WP  UC- WT  
Apr  6 07:56:33 debian kernel: [    0.004639] e820: update [mem 0x89000000-0xffffffff] usable ==> reserved
Apr  6 07:56:33 debian kernel: [    0.004645] last_pfn = 0x7fd0f max_arch_pfn = 0x400000000
Apr  6 07:56:33 debian mtp-probe: checking bus 1, device 2: "/sys/devices/pci0000:00/0000:00:14.0/usb1/1-1"
Apr  6 07:56:33 debian kernel: [    0.017267] found SMP MP-table at [mem 0x000fe1b0-0x000fe1bf]
Apr  6 07:56:33 debian kernel: [    0.017362] Using GB pages for direct mapping
Apr  6 07:56:33 debian kernel: [    0.017851] RAMDISK: [mem 0x33acb000-0x35d5cfff]
Apr  6 07:56:33 debian kernel: [    0.017859] ACPI: Early table checksum verification disabled
Apr  6 07:56:33 debian mtp-probe: checking bus 1, device 3: "/sys/devices/pci0000:00/0000:00:14.0/usb1/1-2"
Apr  6 07:56:33 debian kernel: [    0.017951] ACPI: RSDP 0x00000000000FE020 000024 (v02 LENOVO)
Apr  6 07:56:33 debian mtp-probe: bus: 1, device: 2 was not an MTP device
Apr  6 07:56:33 debian kernel: [    0.017955] ACPI: XSDT 0x000000007FCEC188 0000DC (v01 LENOVO CB-01    00000001      01000013)
Apr  6 07:56:33 debian kernel: [    0.017962] ACPI: FACP 0x000000007FCF0000 00010C (v05 LENOVO CB-01    00000001 ACPI 00040000)
Apr  6 07:56:33 debian kernel: [    0.017969] ACPI: DSDT 0x000000007FCAC000 03F2DC (v02 LENOVO CB-01    00000001 ACPI 00040000)
Apr  6 07:56:33 debian kernel: [    0.017973] ACPI: FACS 0x000000007FC2D000 000040
Apr  6 07:56:33 debian mtp-probe: bus: 1, device: 4 was not an MTP device
Apr  6 07:56:33 debian kernel: [    0.017976] ACPI: UEFI 0x000000007FD0C000 000236 (v01 LENOVO CB-01    00000001 ACPI 00040000)
Apr  6 07:56:33 debian kernel: [    0.017980] ACPI: SSDT 0x000000007FD0B000 0000F5 (v02 LENOVO CB-01    00000001 ACPI 00040000)
Apr  6 07:56:33 debian kernel: [    0.017983] ACPI: SSDT 0x000000007FD09000 001B1C (v02 LENOVO CB-01    00000001 ACPI 00040000)
Apr  6 07:56:33 debian kernel: [    0.017986] ACPI: SSDT 0x000000007FD05000 0031C6 (v02 LENOVO CB-01    00000001 ACPI 00040000)
Apr  6 07:56:33 debian kernel: [    0.017990] ACPI: UEFI 0x000000007FD04000 000042 (v01 LENOVO CB-01    00000001 ACPI 00040000)
Apr  6 07:56:33 debian kernel: [    0.017993] ACPI: SSDT 0x000000007FD03000 00045A (v02 LENOVO CB-01    00000001 ACPI 00040000)
Apr  6 07:56:33 debian kernel: [    0.017996] ACPI: SSDT 0x000000007FD02000 000046 (v02 LENOVO CB-01    00000001 ACPI 00040000)
Apr  6 07:56:33 debian kernel: [    0.017999] ACPI: TPM2 0x000000007FD01000 000034 (v03 LENOVO CB-01    00000001 ACPI 00040000)
Apr  6 07:56:33 debian mtp-probe: bus: 1, device: 3 was not an MTP device
Apr  6 07:56:33 debian kernel: [    0.018003] ACPI: SSDT 0x000000007FCF8000 0072EF (v02 LENOVO CB-01    00000001 ACPI 00040000)
Apr  6 07:56:33 debian kernel: [    0.018006] ACPI: LPIT 0x000000007FCF7000 000094 (v01 LENOVO CB-01    00000001 ACPI 00040000)
Apr  6 07:56:33 debian kernel: [    0.018009] ACPI: WSMT 0x000000007FCF6000 000028 (v01 LENOVO CB-01    00000001 ACPI 00040000)
Apr  6 07:56:33 debian systemd[1]: Found device WDC PC SN520 SDAPMUW-512G-1001 5.
Apr  6 07:56:33 debian kernel: [    0.018012] ACPI: SSDT 0x000000007FCF5000 000C2F (v02 LENOVO CB-01    00000001 ACPI 00040000)
Apr  6 07:56:33 debian kernel: [    0.018015] ACPI: DBGP 0x000000007FCF4000 000034 (v01 LENOVO CB-01    00000001 ACPI 00040000)
Apr  6 07:56:33 debian kernel: [    0.018019] ACPI: DBG2 0x000000007FCF3000 000054 (v00 LENOVO CB-01    00000001 ACPI 00040000)
Apr  6 07:56:33 debian kernel: [    0.018022] ACPI: SSDT 0x000000007FCF2000 000B9F (v02 LENOVO CB-01    00000001 ACPI 00040000)
Apr  6 07:56:33 debian systemd[1]: Activating swap /dev/disk/by-uuid/2c30148f-0b3a-4f27-b77b-2a63221feb4a...
Apr  6 07:56:33 debian kernel: [    0.018025] ACPI: ASF! 0x000000007FCF1000 0000A5 (v32 LENOVO CB-01    00000001 ACPI 00040000)
Apr  6 07:56:33 debian kernel: [    0.018029] ACPI: HPET 0x000000007FCEF000 000038 (v01 LENOVO CB-01    00000001 ACPI 00040000)
Apr  6 07:56:33 debian kernel: [    0.018032] ACPI: APIC 0x000000007FCEE000 00012C (v03 LENOVO CB-01    00000001 ACPI 00040000)
Apr  6 07:56:33 debian systemd[1]: Created slice system-systemd\x2dbacklight.slice.
Apr  6 07:56:33 debian kernel: [    0.018035] ACPI: MCFG 0x000000007FCED000 00003C (v01 LENOVO CB-01    00000001 ACPI 00040000)
Apr  6 07:56:33 debian kernel: [    0.018038] ACPI: DMAR 0x000000007FCAB000 0000A8 (v01 LENOVO CB-01    00000001 ACPI 00040000)
Apr  6 07:56:33 debian kernel: [    0.018041] ACPI: NHLT 0x000000007FCAA000 00002D (v00 LENOVO CB-01    00000001 ACPI 00040000)
Apr  6 07:56:33 debian systemd[1]: Starting Load/Save Screen Backlight Brightness of backlight:intel_backlight...
Apr  6 07:56:33 debian kernel: [    0.018045] ACPI: FPDT 0x000000007FCA9000 000044 (v01 LENOVO CB-01    00000001 ACPI 00040000)
Apr  6 07:56:33 debian kernel: [    0.018054] ACPI: Local APIC address 0xfee00000
Apr  6 07:56:33 debian kernel: [    0.018532] No NUMA configuration found
Apr  6 07:56:33 debian kernel: [    0.018533] Faking a node at [mem 0x0000000000000000-0x00000002707fffff]
Apr  6 07:56:33 debian kernel: [    0.018538] NODE_DATA(0) allocated [mem 0x2707f9000-0x2707fdfff]
Apr  6 07:56:33 debian systemd-udevd[392]: link_config: autonegotiation is unset or enabled, the speed and duplex are not writable.
Apr  6 07:56:33 debian kernel: [    0.018572] Zone ranges:
Apr  6 07:56:33 debian kernel: [    0.018573]   DMA      [mem 0x0000000000001000-0x0000000000ffffff]
Apr  6 07:56:33 debian kernel: [    0.018575]   DMA32    [mem 0x0000000001000000-0x00000000ffffffff]
Apr  6 07:56:33 debian kernel: [    0.018576]   Normal   [mem 0x0000000100000000-0x00000002707fffff]
Apr  6 07:56:33 debian kernel: [    0.018577]   Device   empty
Apr  6 07:56:33 debian systemd[1]: Activated swap /dev/disk/by-uuid/2c30148f-0b3a-4f27-b77b-2a63221feb4a.
Apr  6 07:56:33 debian kernel: [    0.018579] Movable zone start for each node
Apr  6 07:56:33 debian kernel: [    0.018579] Early memory node ranges
Apr  6 07:56:33 debian kernel: [    0.018581]   node   0: [mem 0x0000000000001000-0x000000000009efff]
Apr  6 07:56:33 debian systemd[1]: Started Load/Save Screen Backlight Brightness of backlight:intel_backlight.
Apr  6 07:56:33 debian kernel: [    0.018582]   node   0: [mem 0x0000000000100000-0x0000000067e86fff]
Apr  6 07:56:33 debian kernel: [    0.018582]   node   0: [mem 0x0000000068787000-0x000000007e99dfff]
Apr  6 07:56:33 debian kernel: [    0.018583]   node   0: [mem 0x000000007fd0e000-0x000000007fd0efff]
Apr  6 07:56:33 debian kernel: [    0.018584]   node   0: [mem 0x0000000100000000-0x00000002707fffff]
Apr  6 07:56:33 debian kernel: [    0.019441] Zeroed struct page in unavailable ranges: 38851 pages
Apr  6 07:56:33 debian systemd[1]: Reached target Swap.
Apr  6 07:56:33 debian kernel: [    0.019443] Initmem setup node 0 [mem 0x0000000000001000-0x00000002707fffff]
Apr  6 07:56:33 debian kernel: [    0.019445] On node 0 totalpages: 2025533
Apr  6 07:56:33 debian kernel: [    0.019446]   DMA zone: 64 pages used for memmap
Apr  6 07:56:33 debian systemd[1]: Mounted Mount unit for pycharm-community, revision 233.
Apr  6 07:56:33 debian systemd[1]: Mounted Mount unit for gtk-common-themes, revision 1514.
Apr  6 07:56:33 debian systemd[1]: Listening on Load/Save RF Kill Switch Status /dev/rfkill Watch.
Apr  6 07:56:33 debian systemd[1]: Starting Load/Save RF Kill Switch Status...
Apr  6 07:56:33 debian systemd[1]: Mounted Mount unit for gnome-3-28-1804, revision 145.
Apr  6 07:56:33 debian systemd[1]: Mounted Mount unit for notepad-plus-plus, revision 260.
Apr  6 07:56:33 debian systemd[1]: Mounted Mount unit for core, revision 10908.
Apr  6 07:56:33 debian systemd[1]: Started Load/Save RF Kill Switch Status.
Apr  6 07:56:33 debian systemd[1]: Starting Show Plymouth Boot Screen...
Apr  6 07:56:33 debian systemd[1]: Condition check resulted in File System Check on Root Device being skipped.
Apr  6 07:56:33 debian systemd[1]: Condition check resulted in Kernel Configuration File System being skipped.
Apr  6 07:56:33 debian systemd[1]: Condition check resulted in Set Up Additional Binary Formats being skipped.
Apr  6 07:56:33 debian systemd[1]: Condition check resulted in Rebuild Hardware Database being skipped.
Apr  6 07:56:33 debian systemd[1]: Condition check resulted in FUSE Control File System being skipped.
Apr  6 07:56:33 debian systemd[1]: plymouth-start.service: Succeeded.
Apr  6 07:56:33 debian systemd[1]: Started Show Plymouth Boot Screen.
Apr  6 07:56:33 debian systemd[1]: Condition check resulted in Dispatch Password Requests to Console Directory Watch being skipped.
Apr  6 07:56:33 debian systemd-udevd[357]: Using default interface naming scheme 'v240'.
Apr  6 07:56:33 debian systemd-udevd[357]: link_config: autonegotiation is unset or enabled, the speed and duplex are not writable.
Apr  6 07:56:33 debian systemd-udevd[390]: Using default interface naming scheme 'v240'.
Apr  6 07:56:33 debian systemd[1]: Mounted Mount unit for intellij-idea-community, revision 289.
Apr  6 07:56:33 debian systemd[1]: Mounted Mount unit for core18, revision 1997.
Apr  6 07:56:33 debian kernel: [    0.019447]   DMA zone: 21 pages reserved
Apr  6 07:56:33 debian kernel: [    0.019448]   DMA zone: 3998 pages, LIFO batch:0
Apr  6 07:56:33 debian kernel: [    0.019580]   DMA32 zone: 8003 pages used for memmap
Apr  6 07:56:33 debian kernel: [    0.019581]   DMA32 zone: 512159 pages, LIFO batch:63
Apr  6 07:56:33 debian kernel: [    0.039655]   Normal zone: 23584 pages used for memmap
Apr  6 07:56:33 debian systemd[1]: Mounted Mount unit for tiled, revision 2374.
Apr  6 07:56:33 debian kernel: [    0.039656]   Normal zone: 1509376 pages, LIFO batch:63
Apr  6 07:56:33 debian kernel: [    0.086841] Reserving Intel graphics memory at [mem 0x89800000-0x8d7fffff]
Apr  6 07:56:33 debian systemd[1]: Starting Show Plymouth Boot Screen...
Apr  6 07:56:33 debian kernel: [    0.087148] ACPI: PM-Timer IO Port: 0x1808
Apr  6 07:56:33 debian systemd[1]: Condition check resulted in File System Check on Root Device being skipped.
Apr  6 07:56:33 debian kernel: [    0.087150] ACPI: Local APIC address 0xfee00000
Apr  6 07:56:33 debian kernel: [    0.087159] ACPI: LAPIC_NMI (acpi_id[0x01] high edge lint[0x1])
Apr  6 07:56:33 debian systemd[1]: Condition check resulted in FUSE Control File System being skipped.
Apr  6 07:56:33 debian kernel: [    0.087160] ACPI: LAPIC_NMI (acpi_id[0x02] high edge lint[0x1])
Apr  6 07:56:33 debian kernel: [    0.087161] ACPI: LAPIC_NMI (acpi_id[0x03] high edge lint[0x1])
Apr  6 07:56:33 debian systemd[1]: Condition check resulted in Rebuild Hardware Database being skipped.
Apr  6 07:56:33 debian kernel: [    0.087162] ACPI: LAPIC_NMI (acpi_id[0x04] high edge lint[0x1])
Apr  6 07:56:33 debian kernel: [    0.087162] ACPI: LAPIC_NMI (acpi_id[0x05] high edge lint[0x1])
Apr  6 07:56:33 debian kernel: [    0.087163] ACPI: LAPIC_NMI (acpi_id[0x06] high edge lint[0x1])
Apr  6 07:56:33 debian kernel: [    0.087164] ACPI: LAPIC_NMI (acpi_id[0x07] high edge lint[0x1])
Apr  6 07:56:33 debian systemd[1]: Condition check resulted in Kernel Configuration File System being skipped.
Apr  6 07:56:33 debian kernel: [    0.087165] ACPI: LAPIC_NMI (acpi_id[0x08] high edge lint[0x1])
Apr  6 07:56:33 debian systemd[1]: Condition check resulted in Set Up Additional Binary Formats being skipped.
Apr  6 07:56:33 debian kernel: [    0.087165] ACPI: LAPIC_NMI (acpi_id[0x09] high edge lint[0x1])
Apr  6 07:56:33 debian kernel: [    0.087166] ACPI: LAPIC_NMI (acpi_id[0x0a] high edge lint[0x1])
Apr  6 07:56:33 debian systemd[1]: Mounted Mount unit for core18, revision 1988.
Apr  6 07:56:33 debian kernel: [    0.087167] ACPI: LAPIC_NMI (acpi_id[0x0b] high edge lint[0x1])
Apr  6 07:56:33 debian kernel: [    0.087168] ACPI: LAPIC_NMI (acpi_id[0x0c] high edge lint[0x1])
Apr  6 07:56:33 debian kernel: [    0.087168] ACPI: LAPIC_NMI (acpi_id[0x0d] high edge lint[0x1])
Apr  6 07:56:33 debian kernel: [    0.087169] ACPI: LAPIC_NMI (acpi_id[0x0e] high edge lint[0x1])
Apr  6 07:56:33 debian kernel: [    0.087170] ACPI: LAPIC_NMI (acpi_id[0x0f] high edge lint[0x1])
Apr  6 07:56:33 debian systemd[1]: Mounted Mount unit for wine-platform-5-stable, revision 16.
Apr  6 07:56:33 debian kernel: [    0.087171] ACPI: LAPIC_NMI (acpi_id[0x10] high edge lint[0x1])
Apr  6 07:56:33 debian systemd[1]: Reached target Local File Systems.
Apr  6 07:56:33 debian kernel: [    0.087213] IOAPIC[0]: apic_id 2, version 32, address 0xfec00000, GSI 0-119
Apr  6 07:56:33 debian kernel: [    0.087216] ACPI: INT_SRC_OVR (bus 0 bus_irq 0 global_irq 2 dfl dfl)
Apr  6 07:56:33 debian kernel: [    0.087217] ACPI: INT_SRC_OVR (bus 0 bus_irq 9 global_irq 9 high level)
Apr  6 07:56:33 debian kernel: [    0.087219] ACPI: IRQ0 used by override.
Apr  6 07:56:33 debian kernel: [    0.087220] ACPI: IRQ9 used by override.
Apr  6 07:56:33 debian kernel: [    0.087223] Using ACPI (MADT) for SMP configuration information
Apr  6 07:56:33 debian systemd[1]: Condition check resulted in Commit a transient machine-id on disk being skipped.
Apr  6 07:56:33 debian kernel: [    0.087224] ACPI: HPET id: 0x8086a201 base: 0xfed00000
Apr  6 07:56:33 debian kernel: [    0.087228] TSC deadline timer available
Apr  6 07:56:33 debian systemd[1]: Starting Load AppArmor profiles...
Apr  6 07:56:33 debian kernel: [    0.087229] smpboot: Allowing 8 CPUs, 0 hotplug CPUs
Apr  6 07:56:33 debian kernel: [    0.087251] PM: Registered nosave memory: [mem 0x00000000-0x00000fff]
Apr  6 07:56:33 debian kernel: [    0.087253] PM: Registered nosave memory: [mem 0x0009f000-0x0009ffff]
Apr  6 07:56:33 debian kernel: [    0.087254] PM: Registered nosave memory: [mem 0x000a0000-0x000dffff]
Apr  6 07:56:33 debian kernel: [    0.087255] PM: Registered nosave memory: [mem 0x000e0000-0x000fffff]
Apr  6 07:56:33 debian kernel: [    0.087257] PM: Registered nosave memory: [mem 0x67e87000-0x68786fff]
Apr  6 07:56:33 debian kernel: [    0.087258] PM: Registered nosave memory: [mem 0x7e99e000-0x7f59dfff]
Apr  6 07:56:33 debian systemd[1]: Starting Create Volatile Files and Directories...
Apr  6 07:56:33 debian kernel: [    0.087259] PM: Registered nosave memory: [mem 0x7f59e000-0x7fc8dfff]
Apr  6 07:56:33 debian kernel: [    0.087260] PM: Registered nosave memory: [mem 0x7fc8e000-0x7fd0dfff]
Apr  6 07:56:33 debian kernel: [    0.087262] PM: Registered nosave memory: [mem 0x7fd0f000-0x8d7fffff]
Apr  6 07:56:33 debian kernel: [    0.087263] PM: Registered nosave memory: [mem 0x8d800000-0xdfffffff]
Apr  6 07:56:33 debian kernel: [    0.087263] PM: Registered nosave memory: [mem 0xe0000000-0xefffffff]
Apr  6 07:56:33 debian systemd[1]: Starting Set console font and keymap...
Apr  6 07:56:33 debian kernel: [    0.087264] PM: Registered nosave memory: [mem 0xf0000000-0xfdffffff]
Apr  6 07:56:33 debian kernel: [    0.087265] PM: Registered nosave memory: [mem 0xfe000000-0xfe010fff]
Apr  6 07:56:33 debian kernel: [    0.087266] PM: Registered nosave memory: [mem 0xfe011000-0xfed0ffff]
Apr  6 07:56:33 debian kernel: [    0.087266] PM: Registered nosave memory: [mem 0xfed10000-0xfed19fff]
Apr  6 07:56:33 debian systemd[1]: Starting Tell Plymouth To Write Out Runtime Data...
Apr  6 07:56:33 debian kernel: [    0.087267] PM: Registered nosave memory: [mem 0xfed1a000-0xfed83fff]
Apr  6 07:56:33 debian kernel: [    0.087268] PM: Registered nosave memory: [mem 0xfed84000-0xfed84fff]
Apr  6 07:56:33 debian systemd[1]: plymouth-start.service: Succeeded.
Apr  6 07:56:33 debian kernel: [    0.087268] PM: Registered nosave memory: [mem 0xfed85000-0xfedfffff]
Apr  6 07:56:33 debian systemd[1]: Started Show Plymouth Boot Screen.
Apr  6 07:56:33 debian kernel: [    0.087269] PM: Registered nosave memory: [mem 0xfee00000-0xfee00fff]
Apr  6 07:56:33 debian kernel: [    0.087270] PM: Registered nosave memory: [mem 0xfee01000-0xff5fffff]
Apr  6 07:56:33 debian kernel: [    0.087271] PM: Registered nosave memory: [mem 0xff600000-0xffffffff]
Apr  6 07:56:33 debian kernel: [    0.087273] [mem 0x8d800000-0xdfffffff] available for PCI devices
Apr  6 07:56:33 debian kernel: [    0.087274] Booting paravirtualized kernel on bare hardware
Apr  6 07:56:33 debian systemd[1]: Condition check resulted in Dispatch Password Requests to Console Directory Watch being skipped.
Apr  6 07:56:33 debian kernel: [    0.087277] clocksource: refined-jiffies: mask: 0xffffffff max_cycles: 0xffffffff, max_idle_ns: 7645519600211568 ns
Apr  6 07:56:33 debian kernel: [    0.237186] random: get_random_bytes called from start_kernel+0x93/0x52a with crng_init=0
Apr  6 07:56:33 debian kernel: [    0.237194] setup_percpu: NR_CPUS:512 nr_cpumask_bits:512 nr_cpu_ids:8 nr_node_ids:1
Apr  6 07:56:33 debian kernel: [    0.237424] percpu: Embedded 45 pages/cpu s144536 r8192 d31592 u262144
Apr  6 07:56:33 debian systemd[1]: Started Set console font and keymap.
Apr  6 07:56:33 debian kernel: [    0.237433] pcpu-alloc: s144536 r8192 d31592 u262144 alloc=1*2097152
Apr  6 07:56:33 debian kernel: [    0.237434] pcpu-alloc: [0] 0 1 2 3 4 5 6 7 
Apr  6 07:56:33 debian kernel: [    0.237460] Built 1 zonelists, mobility grouping on.  Total pages: 1993861
Apr  6 07:56:33 debian kernel: [    0.237461] Policy zone: Normal
Apr  6 07:56:33 debian systemd-tmpfiles[558]: [/usr/lib/tmpfiles.d/speech-dispatcher.conf:1] Line references path below legacy directory /var/run/, updating /var/run/speech-dispatcher → /run/speech-dispatcher; please update the tmpfiles.d/ drop-in file accordingly.
Apr  6 07:56:33 debian kernel: [    0.237463] Kernel command line: BOOT_IMAGE=/boot/vmlinuz-4.19.0-16-amd64 root=UUID=deb69fe0-e2bf-4597-9d23-6e4b69f6ebc0 ro quiet
Apr  6 07:56:33 debian kernel: [    0.242553] Calgary: detecting Calgary via BIOS EBDA area
Apr  6 07:56:33 debian kernel: [    0.242584] Calgary: Unable to locate Rio Grande table in EBDA - bailing!
Apr  6 07:56:33 debian kernel: [    0.265069] Memory: 7845440K/8102132K available (10252K kernel code, 1242K rwdata, 3328K rodata, 1600K init, 2260K bss, 256692K reserved, 0K cma-reserved)
Apr  6 07:56:33 debian kernel: [    0.265191] SLUB: HWalign=64, Order=0-3, MinObjects=0, CPUs=8, Nodes=1
Apr  6 07:56:33 debian systemd-tmpfiles[558]: [/usr/lib/tmpfiles.d/speech-dispatcher.conf:2] Line references path below legacy directory /var/run/, updating /var/run/speech-dispatcher/.cache → /run/speech-dispatcher/.cache; please update the tmpfiles.d/ drop-in file accordingly.
Apr  6 07:56:33 debian kernel: [    0.265198] ftrace: allocating 31978 entries in 125 pages
Apr  6 07:56:33 debian kernel: [    0.283923] rcu: Hierarchical RCU implementation.
Apr  6 07:56:33 debian kernel: [    0.283925] rcu: 	RCU restricting CPUs from NR_CPUS=512 to nr_cpu_ids=8.
Apr  6 07:56:33 debian systemd-tmpfiles[558]: [/usr/lib/tmpfiles.d/speech-dispatcher.conf:3] Line references path below legacy directory /var/run/, updating /var/run/speech-dispatcher/.speech-dispatcher → /run/speech-dispatcher/.speech-dispatcher; please update the tmpfiles.d/ drop-in file accordingly.
Apr  6 07:56:33 debian kernel: [    0.283926] rcu: Adjusting geometry for rcu_fanout_leaf=16, nr_cpu_ids=8
Apr  6 07:56:33 debian kernel: [    0.288062] NR_IRQS: 33024, nr_irqs: 2048, preallocated irqs: 16
Apr  6 07:56:33 debian kernel: [    0.293392] Console: colour VGA+ 80x25
Apr  6 07:56:33 debian kernel: [    0.293396] console [tty0] enabled
Apr  6 07:56:33 debian systemd-tmpfiles[558]: [/usr/lib/tmpfiles.d/speech-dispatcher.conf:4] Line references path below legacy directory /var/run/, updating /var/run/speech-dispatcher/.cache/speech-dispatcher → /run/speech-dispatcher/.cache/speech-dispatcher; please update the tmpfiles.d/ drop-in file accordingly.
Apr  6 07:56:33 debian kernel: [    0.293418] ACPI: Core revision 20180810
Apr  6 07:56:33 debian kernel: [    0.294161] clocksource: hpet: mask: 0xffffffff max_cycles: 0xffffffff, max_idle_ns: 79635855245 ns
Apr  6 07:56:33 debian kernel: [    0.294230] hpet clockevent registered
Apr  6 07:56:33 debian kernel: [    0.294296] APIC: Switch to symmetric I/O mode setup
Apr  6 07:56:33 debian kernel: [    0.294299] DMAR: Host address width 39
Apr  6 07:56:33 debian kernel: [    0.294300] DMAR: DRHD base: 0x000000fed90000 flags: 0x0
Apr  6 07:56:33 debian kernel: [    0.294307] DMAR: dmar0: reg_base_addr fed90000 ver 1:0 cap 1c0000c40660462 ecap 19e2ff0505e
Apr  6 07:56:33 debian kernel: [    0.294308] DMAR: DRHD base: 0x000000fed91000 flags: 0x1
Apr  6 07:56:33 debian kernel: [    0.294313] DMAR: dmar1: reg_base_addr fed91000 ver 1:0 cap d2008c40660462 ecap f050da
Apr  6 07:56:33 debian kernel: [    0.294314] DMAR: RMRR base: 0x0000007f57d000 end: 0x0000007f59cfff
Apr  6 07:56:33 debian kernel: [    0.294315] DMAR: RMRR base: 0x00000089000000 end: 0x0000008d7fffff
Apr  6 07:56:33 debian kernel: [    0.294318] DMAR-IR: IOAPIC id 2 under DRHD base  0xfed91000 IOMMU 1
Apr  6 07:56:33 debian kernel: [    0.294319] DMAR-IR: HPET id 0 under DRHD base 0xfed91000
Apr  6 07:56:33 debian kernel: [    0.294320] DMAR-IR: Queued invalidation will be enabled to support x2apic and Intr-remapping.
Apr  6 07:56:33 debian kernel: [    0.296477] DMAR-IR: Enabled IRQ remapping in x2apic mode
Apr  6 07:56:33 debian kernel: [    0.296479] x2apic enabled
Apr  6 07:56:33 debian kernel: [    0.296509] Switched APIC routing to cluster x2apic.
Apr  6 07:56:33 debian kernel: [    0.302311] ..TIMER: vector=0x30 apic1=0 pin1=2 apic2=-1 pin2=-1
Apr  6 07:56:33 debian kernel: [    0.322248] clocksource: tsc-early: mask: 0xffffffffffffffff max_cycles: 0x19f2297dd97, max_idle_ns: 440795236593 ns
Apr  6 07:56:33 debian systemd-tmpfiles[558]: [/usr/lib/tmpfiles.d/speech-dispatcher.conf:5] Line references path below legacy directory /var/run/, updating /var/run/speech-dispatcher/log → /run/speech-dispatcher/log; please update the tmpfiles.d/ drop-in file accordingly.
Apr  6 07:56:33 debian kernel: [    0.322265] Calibrating delay loop (skipped), value calculated using timer frequency.. 3600.00 BogoMIPS (lpj=7200000)
Apr  6 07:56:33 debian kernel: [    0.322268] pid_max: default: 32768 minimum: 301
Apr  6 07:56:33 debian kernel: [    0.322307] Security Framework initialized
Apr  6 07:56:33 debian kernel: [    0.322308] Yama: disabled by default; enable with sysctl kernel.yama.*
Apr  6 07:56:33 debian kernel: [    0.322332] AppArmor: AppArmor initialized
Apr  6 07:56:33 debian apparmor.systemd[557]: Restarting AppArmor
Apr  6 07:56:33 debian kernel: [    0.323591] Dentry cache hash table entries: 1048576 (order: 11, 8388608 bytes)
Apr  6 07:56:33 debian apparmor.systemd[557]: Reloading AppArmor profiles
Apr  6 07:56:33 debian kernel: [    0.324216] Inode-cache hash table entries: 524288 (order: 10, 4194304 bytes)
Apr  6 07:56:33 debian systemd[1]: Received SIGRTMIN+20 from PID 227 (plymouthd).
Apr  6 07:56:33 debian kernel: [    0.324245] Mount-cache hash table entries: 16384 (order: 5, 131072 bytes)
Apr  6 07:56:33 debian kernel: [    0.324267] Mountpoint-cache hash table entries: 16384 (order: 5, 131072 bytes)
Apr  6 07:56:33 debian kernel: [    0.324528] ENERGY_PERF_BIAS: Set to 'normal', was 'performance'
Apr  6 07:56:33 debian kernel: [    0.324529] ENERGY_PERF_BIAS: View and update with x86_energy_perf_policy(8)
Apr  6 07:56:33 debian systemd[1]: plymouth-read-write.service: Succeeded.
Apr  6 07:56:33 debian kernel: [    0.324552] CPU0: Thermal monitoring enabled (TM1)
Apr  6 07:56:33 debian kernel: [    0.324581] process: using mwait in idle threads
Apr  6 07:56:33 debian systemd[1]: Started Tell Plymouth To Write Out Runtime Data.
Apr  6 07:56:33 debian kernel: [    0.324584] Last level iTLB entries: 4KB 64, 2MB 8, 4MB 8
Apr  6 07:56:33 debian kernel: [    0.324585] Last level dTLB entries: 4KB 64, 2MB 0, 4MB 0, 1GB 4
Apr  6 07:56:33 debian kernel: [    0.324587] Spectre V1 : Mitigation: usercopy/swapgs barriers and __user pointer sanitization
Apr  6 07:56:33 debian systemd[1]: Started Create Volatile Files and Directories.
Apr  6 07:56:33 debian systemd[1]: Starting Update UTMP about System Boot/Shutdown...
Apr  6 07:56:33 debian systemd[1]: Started Update UTMP about System Boot/Shutdown.
Apr  6 07:56:33 debian systemd[1]: Started Load AppArmor profiles.
Apr  6 07:56:33 debian systemd[1]: Starting Raise network interfaces...
Apr  6 07:56:33 debian systemd[1]: Reached target System Initialization.
Apr  6 07:56:33 debian systemd[1]: Started Trigger anacron every hour.
Apr  6 07:56:33 debian systemd[1]: Listening on Avahi mDNS/DNS-SD Stack Activation Socket.
Apr  6 07:56:33 debian systemd[1]: Started Daily man-db regeneration.
Apr  6 07:56:33 debian systemd[1]: Started Daily rotation of log files.
Apr  6 07:56:33 debian systemd[1]: Listening on D-Bus System Message Bus Socket.
Apr  6 07:56:33 debian systemd[1]: Starting Socket activation for snappy daemon.
Apr  6 07:56:33 debian systemd[1]: Started CUPS Scheduler.
Apr  6 07:56:33 debian systemd[1]: Reached target Paths.
Apr  6 07:56:33 debian systemd[1]: Listening on CUPS Scheduler.
Apr  6 07:56:33 debian systemd[1]: Started Daily Cleanup of Temporary Directories.
Apr  6 07:56:33 debian systemd[1]: Started Daily apt download activities.
Apr  6 07:56:33 debian systemd[1]: Started Daily apt upgrade and clean activities.
Apr  6 07:56:33 debian systemd[1]: Reached target Timers.
Apr  6 07:56:33 debian systemd[1]: Starting Docker Socket for the API.
Apr  6 07:56:33 debian systemd[1]: Listening on Socket activation for snappy daemon.
Apr  6 07:56:33 debian systemd[1]: Listening on Docker Socket for the API.
Apr  6 07:56:33 debian systemd[1]: Reached target Sockets.
Apr  6 07:56:33 debian kernel: [    0.324589] Spectre V2 : Mitigation: Enhanced IBRS
Apr  6 07:56:33 debian kernel: [    0.324590] Spectre V2 : Spectre v2 / SpectreRSB mitigation: Filling RSB on context switch
Apr  6 07:56:33 debian kernel: [    0.324597] Spectre V2 : mitigation: Enabling conditional Indirect Branch Prediction Barrier
Apr  6 07:56:33 debian systemd[1]: Reached target Basic System.
Apr  6 07:56:33 debian systemd[1]: Starting Login Service...
Apr  6 07:56:33 debian kernel: [    0.324598] Speculative Store Bypass: Mitigation: Speculative Store Bypass disabled via prctl and seccomp
Apr  6 07:56:33 debian kernel: [    0.324605] unchecked MSR access error: RDMSR from 0x123 at rIP: 0xffffffffa7c5a513 (native_read_msr+0x3/0x30)
Apr  6 07:56:33 debian kernel: [    0.324606] Call Trace:
Apr  6 07:56:33 debian kernel: [    0.324612]  update_srbds_msr+0x36/0x70
Apr  6 07:56:33 debian systemd[1]: Starting Restore /etc/resolv.conf if the system crashed before the ppp link was shut down...
Apr  6 07:56:33 debian kernel: [    0.324616]  check_bugs+0x96b/0x9fe
Apr  6 07:56:33 debian kernel: [    0.324619]  ? kmem_cache_alloc+0x1c4/0x1d0
Apr  6 07:56:33 debian kernel: [    0.324621]  start_kernel+0x4e3/0x52a
Apr  6 07:56:33 debian systemd[1]: Starting Switcheroo Control Proxy service...
Apr  6 07:56:33 debian kernel: [    0.324625]  secondary_startup_64+0xa4/0xb0
Apr  6 07:56:33 debian kernel: [    0.324630] unchecked MSR access error: WRMSR to 0x123 (tried to write 0x0000000000000001) at rIP: 0xffffffffa7c5a704 (native_write_msr+0x4/0x20)
Apr  6 07:56:33 debian kernel: [    0.324631] Call Trace:
Apr  6 07:56:33 debian kernel: [    0.324633]  update_srbds_msr+0x5f/0x70
Apr  6 07:56:33 debian kernel: [    0.324635]  check_bugs+0x96b/0x9fe
Apr  6 07:56:33 debian systemd[1]: Starting Modem Manager...
Apr  6 07:56:33 debian kernel: [    0.324637]  ? kmem_cache_alloc+0x1c4/0x1d0
Apr  6 07:56:33 debian systemd[1]: Started Regular background program processing daemon.
Apr  6 07:56:33 debian kernel: [    0.324639]  start_kernel+0x4e3/0x52a
Apr  6 07:56:33 debian kernel: [    0.324641]  secondary_startup_64+0xa4/0xb0
Apr  6 07:56:33 debian kernel: [    0.324643] SRBDS: Mitigation: TSX disabled
Apr  6 07:56:33 debian kernel: [    0.325016] Freeing SMP alternatives memory: 24K
Apr  6 07:56:33 debian kernel: [    0.330352] smpboot: CPU0: Intel(R) Core(TM) i5-8265U CPU @ 1.60GHz (family: 0x6, model: 0x8e, stepping: 0xc)
Apr  6 07:56:33 debian systemd[1]: Started D-Bus System Message Bus.
Apr  6 07:56:33 debian kernel: [    0.330464] Performance Events: PEBS fmt3+, Skylake events, 32-deep LBR, full-width counters, Intel PMU driver.
Apr  6 07:56:33 debian kernel: [    0.330511] ... version:                4
Apr  6 07:56:33 debian cron[618]: (CRON) INFO (pidfile fd = 3)
Apr  6 07:56:33 debian kernel: [    0.330511] ... bit width:              48
Apr  6 07:56:33 debian kernel: [    0.330512] ... generic registers:      4
Apr  6 07:56:33 debian kernel: [    0.330513] ... value mask:             0000ffffffffffff
Apr  6 07:56:33 debian kernel: [    0.330514] ... max period:             00007fffffffffff
Apr  6 07:56:33 debian kernel: [    0.330515] ... fixed-purpose events:   3
Apr  6 07:56:33 debian systemd[1]: Starting WPA supplicant...
Apr  6 07:56:33 debian kernel: [    0.330515] ... event mask:             000000070000000f
Apr  6 07:56:33 debian cron[618]: (CRON) INFO (Running @reboot jobs)
Apr  6 07:56:33 debian kernel: [    0.330570] rcu: Hierarchical SRCU implementation.
Apr  6 07:56:33 debian kernel: [    0.331126] random: crng done (trusting CPU's manufacturer)
Apr  6 07:56:33 debian kernel: [    0.331651] NMI watchdog: Enabled. Permanently consumes one hw-PMU counter.
Apr  6 07:56:33 debian kernel: [    0.331732] smp: Bringing up secondary CPUs ...
Apr  6 07:56:33 debian systemd[1]: Starting Network Manager...
Apr  6 07:56:33 debian kernel: [    0.331828] x86: Booting SMP configuration:
Apr  6 07:56:33 debian kernel: [    0.331829] .... node  #0, CPUs:      #1 #2 #3 #4 #5 #6 #7
Apr  6 07:56:33 debian systemd[1]: Started CUPS Scheduler.
Apr  6 07:56:33 debian kernel: [    0.334979] smp: Brought up 1 node, 8 CPUs
Apr  6 07:56:33 debian systemd[1]: Condition check resulted in Run anacron jobs being skipped.
Apr  6 07:56:33 debian kernel: [    0.334979] smpboot: Max logical packages: 1
Apr  6 07:56:33 debian kernel: [    0.334979] smpboot: Total of 8 processors activated (28800.00 BogoMIPS)
Apr  6 07:56:33 debian kernel: [    0.338627] devtmpfs: initialized
Apr  6 07:56:33 debian kernel: [    0.338627] x86/mm: Memory block size: 128MB
Apr  6 07:56:33 debian systemd[1]: Starting Bluetooth service...
Apr  6 07:56:33 debian kernel: [    0.339306] PM: Registering ACPI NVS region [mem 0x7f59e000-0x7fc8dfff] (7274496 bytes)
Apr  6 07:56:33 debian systemd[1]: Starting Accounts Service...
Apr  6 07:56:33 debian kernel: [    0.339306] clocksource: jiffies: mask: 0xffffffff max_cycles: 0xffffffff, max_idle_ns: 7645041785100000 ns
Apr  6 07:56:33 debian systemd[1]: Condition check resulted in getty on tty2-tty6 if dbus and logind are not available being skipped.
Apr  6 07:56:33 debian kernel: [    0.339306] futex hash table entries: 2048 (order: 5, 131072 bytes)
Apr  6 07:56:33 debian kernel: [    0.339306] pinctrl core: initialized pinctrl subsystem
Apr  6 07:56:33 debian kernel: [    0.339306] NET: Registered protocol family 16
Apr  6 07:56:33 debian kernel: [    0.339306] audit: initializing netlink subsys (disabled)
Apr  6 07:56:33 debian systemd[1]: Reached target Login Prompts.
Apr  6 07:56:33 debian kernel: [    0.339306] audit: type=2000 audit(1617684989.040:1): state=initialized audit_enabled=0 res=1
Apr  6 07:56:33 debian kernel: [    0.339306] cpuidle: using governor ladder
Apr  6 07:56:33 debian systemd[1]: Starting System Logging Service...
Apr  6 07:56:33 debian kernel: [    0.339306] cpuidle: using governor menu
Apr  6 07:56:33 debian kernel: [    0.339306] ACPI: bus type PCI registered
Apr  6 07:56:33 debian kernel: [    0.339306] acpiphp: ACPI Hot Plug PCI Controller Driver version: 0.5
Apr  6 07:56:33 debian systemd[1]: Starting Disk Manager...
Apr  6 07:56:33 debian kernel: [    0.339306] PCI: MMCONFIG for domain 0000 [bus 00-ff] at [mem 0xe0000000-0xefffffff] (base 0xe0000000)
Apr  6 07:56:33 debian kernel: [    0.339306] PCI: MMCONFIG at [mem 0xe0000000-0xefffffff] reserved in E820
Apr  6 07:56:33 debian kernel: [    0.339306] PCI: Using configuration type 1 for base access
Apr  6 07:56:33 debian kernel: [    0.339306] mtrr: your CPUs had inconsistent variable MTRR settings
Apr  6 07:56:33 debian systemd[1]: Started Manage Sound Card State (restore and store).
Apr  6 07:56:33 debian kernel: [    0.339306] mtrr: probably your BIOS does not setup all CPUs.
Apr  6 07:56:33 debian kernel: [    0.339306] mtrr: corrected configuration.
Apr  6 07:56:33 debian kernel: [    0.339434] HugeTLB registered 1.00 GiB page size, pre-allocated 0 pages
Apr  6 07:56:33 debian kernel: [    0.339434] HugeTLB registered 2.00 MiB page size, pre-allocated 0 pages
Apr  6 07:56:33 debian kernel: [    0.342368] ACPI: Added _OSI(Module Device)
Apr  6 07:56:33 debian kernel: [    0.342370] ACPI: Added _OSI(Processor Device)
Apr  6 07:56:33 debian systemd[1]: Starting Save/Restore Sound Card State...
Apr  6 07:56:33 debian kernel: [    0.342371] ACPI: Added _OSI(3.0 _SCP Extensions)
Apr  6 07:56:33 debian kernel: [    0.342372] ACPI: Added _OSI(Processor Aggregator Device)
Apr  6 07:56:33 debian kernel: [    0.342373] ACPI: Added _OSI(Linux-Dell-Video)
Apr  6 07:56:33 debian kernel: [    0.342375] ACPI: Added _OSI(Linux-Lenovo-NV-HDMI-Audio)
Apr  6 07:56:33 debian kernel: [    0.414714] ACPI: 9 ACPI AML tables successfully acquired and loaded
Apr  6 07:56:33 debian alsactl[642]: alsactl 1.1.8 daemon started
Apr  6 07:56:33 debian kernel: [    0.425627] ACPI: Dynamic OEM Table Load:
Apr  6 07:56:33 debian kernel: [    0.425642] ACPI: SSDT 0xFFFF8FC626AE4300 0000F4 (v02 PmRef  Cpu0Psd  00003000 INTL 20160422)
Apr  6 07:56:33 debian kernel: [    0.426040] ACPI: \_SB_.PR00: _OSC native thermal LVT Acked
Apr  6 07:56:33 debian kernel: [    0.429323] ACPI: Dynamic OEM Table Load:
Apr  6 07:56:33 debian systemd[1]: Starting Snappy daemon...
Apr  6 07:56:33 debian kernel: [    0.429332] ACPI: SSDT 0xFFFF8FC626AE9800 000400 (v02 PmRef  Cpu0Cst  00003001 INTL 20160422)
Apr  6 07:56:33 debian kernel: [    0.429838] ACPI: Dynamic OEM Table Load:
Apr  6 07:56:33 debian kernel: [    0.429846] ACPI: SSDT 0xFFFF8FC626F0F000 0004FD (v02 PmRef  Cpu0Ist  00003000 INTL 20160422)
Apr  6 07:56:33 debian kernel: [    0.430422] ACPI: Dynamic OEM Table Load:
Apr  6 07:56:33 debian systemd[1]: Starting Avahi mDNS/DNS-SD Stack...
Apr  6 07:56:33 debian kernel: [    0.430430] ACPI: SSDT 0xFFFF8FC626AE3E00 00011B (v02 PmRef  Cpu0Hwp  00003000 INTL 20160422)
Apr  6 07:56:33 debian kernel: [    0.430794] ACPI: Dynamic OEM Table Load:
Apr  6 07:56:33 debian kernel: [    0.430804] ACPI: SSDT 0xFFFF8FC626F0F800 000724 (v02 PmRef  HwpLvt   00003000 INTL 20160422)
Apr  6 07:56:33 debian kernel: [    0.431532] ACPI: Dynamic OEM Table Load:
Apr  6 07:56:33 debian kernel: [    0.431541] ACPI: SSDT 0xFFFF8FC626432000 0005FC (v02 PmRef  ApIst    00003000 INTL 20160422)
Apr  6 07:56:33 debian kernel: [    0.432118] ACPI: Dynamic OEM Table Load:
Apr  6 07:56:33 debian kernel: [    0.432125] ACPI: SSDT 0xFFFF8FC626AE9000 000317 (v02 PmRef  ApHwp    00003000 INTL 20160422)
Apr  6 07:56:33 debian systemd[1]: pppd-dns.service: Succeeded.
Apr  6 07:56:33 debian kernel: [    0.432684] ACPI: Dynamic OEM Table Load:
Apr  6 07:56:33 debian kernel: [    0.432693] ACPI: SSDT 0xFFFF8FC6269E9000 000AB0 (v02 PmRef  ApPsd    00003000 INTL 20160422)
Apr  6 07:56:33 debian kernel: [    0.433821] ACPI: Dynamic OEM Table Load:
Apr  6 07:56:33 debian systemd[1]: Started Restore /etc/resolv.conf if the system crashed before the ppp link was shut down.
Apr  6 07:56:33 debian kernel: [    0.433829] ACPI: SSDT 0xFFFF8FC626AECC00 00030A (v02 PmRef  ApCst    00003000 INTL 20160422)
Apr  6 07:56:33 debian kernel: [    0.440105] ACPI: EC: EC started
Apr  6 07:56:33 debian kernel: [    0.440106] ACPI: EC: interrupt blocked
Apr  6 07:56:33 debian systemd[1]: switcheroo-control.service: Succeeded.
Apr  6 07:56:33 debian kernel: [    0.440820] ACPI: \_SB_.PCI0.LPCB.EC0_: Used as first EC
Apr  6 07:56:33 debian systemd[1]: Started Switcheroo Control Proxy service.
Apr  6 07:56:33 debian kernel: [    0.440823] ACPI: \_SB_.PCI0.LPCB.EC0_: GPE=0x50, EC_CMD/EC_SC=0x66, EC_DATA=0x62
Apr  6 07:56:33 debian kernel: [    0.440824] ACPI: \_SB_.PCI0.LPCB.EC0_: Used as boot DSDT EC to handle transactions
Apr  6 07:56:33 debian kernel: [    0.440825] ACPI: Interpreter enabled
Apr  6 07:56:33 debian avahi-daemon[645]: Found user 'avahi' (UID 113) and group 'avahi' (GID 121).
Apr  6 07:56:33 debian kernel: [    0.440898] ACPI: (supports S0 S3 S4 S5)
Apr  6 07:56:33 debian kernel: [    0.440899] ACPI: Using IOAPIC for interrupt routing
Apr  6 07:56:33 debian kernel: [    0.440953] PCI: Using host bridge windows from ACPI; if necessary, use "pci=nocrs" and report a bug
Apr  6 07:56:33 debian ModemManager[617]: <info>  ModemManager (version 1.10.0) starting in system bus...
Apr  6 07:56:33 debian rsyslogd: imuxsock: Acquired UNIX socket '/run/systemd/journal/syslog' (fd 3) from systemd.  [v8.1901.0]
Apr  6 07:56:33 debian kernel: [    0.443788] ACPI: Enabled 7 GPEs in block 00 to 7F
Apr  6 07:56:33 debian kernel: [    0.450866] ACPI: Power Resource [USBC] (on)
Apr  6 07:56:33 debian rsyslogd:  [origin software="rsyslogd" swVersion="8.1901.0" x-pid="639" x-info="https://www.rsyslog.com"] start
Apr  6 07:56:33 debian kernel: [    0.466041] ACPI: Power Resource [V0PR] (on)
Apr  6 07:56:33 debian kernel: [    0.466259] ACPI: Power Resource [V1PR] (on)
Apr  6 07:56:33 debian kernel: [    0.466470] ACPI: Power Resource [V2PR] (on)
Apr  6 07:56:33 debian kernel: [    0.475961] ACPI: Power Resource [WRST] (on)
Apr  6 07:56:33 debian kernel: [    0.476251] acpi ABCD0000:00: ACPI dock station (docks/bays count: 1)
Apr  6 07:56:33 debian kernel: [    0.482942] ACPI: Power Resource [PIN] (off)
Apr  6 07:56:33 debian kernel: [    0.483473] ACPI: PCI Root Bridge [PCI0] (domain 0000 [bus 00-fe])
Apr  6 07:56:33 debian kernel: [    0.483479] acpi PNP0A08:00: _OSC: OS supports [ExtendedConfig ASPM ClockPM Segments MSI]
Apr  6 07:56:33 debian kernel: [    0.485837] acpi PNP0A08:00: _OSC: OS now controls [PCIeHotplug SHPCHotplug PME AER PCIeCapability LTR]
Apr  6 07:56:33 debian kernel: [    0.489099] PCI host bridge to bus 0000:00
Apr  6 07:56:33 debian kernel: [    0.489102] pci_bus 0000:00: root bus resource [io  0x0000-0x0cf7 window]
Apr  6 07:56:33 debian kernel: [    0.489104] pci_bus 0000:00: root bus resource [io  0x0d00-0xffff window]
Apr  6 07:56:33 debian kernel: [    0.489106] pci_bus 0000:00: root bus resource [mem 0x000a0000-0x000bffff window]
Apr  6 07:56:33 debian kernel: [    0.489107] pci_bus 0000:00: root bus resource [mem 0x8d800000-0xdfffffff window]
Apr  6 07:56:33 debian kernel: [    0.489108] pci_bus 0000:00: root bus resource [mem 0xfc800000-0xfe7fffff window]
Apr  6 07:56:33 debian kernel: [    0.489110] pci_bus 0000:00: root bus resource [bus 00-fe]
Apr  6 07:56:33 debian kernel: [    0.489123] pci 0000:00:00.0: [8086:3e34] type 00 class 0x060000
Apr  6 07:56:33 debian kernel: [    0.490647] pci 0000:00:02.0: [8086:3ea0] type 00 class 0x030000
Apr  6 07:56:33 debian kernel: [    0.490663] pci 0000:00:02.0: reg 0x10: [mem 0xa0000000-0xa0ffffff 64bit]
Apr  6 07:56:33 debian kernel: [    0.490671] pci 0000:00:02.0: reg 0x18: [mem 0x90000000-0x9fffffff 64bit pref]
Apr  6 07:56:33 debian kernel: [    0.490677] pci 0000:00:02.0: reg 0x20: [io  0x4000-0x403f]
Apr  6 07:56:33 debian kernel: [    0.491901] pci 0000:00:04.0: [8086:1903] type 00 class 0x118000
Apr  6 07:56:33 debian kernel: [    0.491919] pci 0000:00:04.0: reg 0x10: [mem 0xa1410000-0xa1417fff 64bit]
Apr  6 07:56:33 debian kernel: [    0.493175] pci 0000:00:08.0: [8086:1911] type 00 class 0x088000
Apr  6 07:56:33 debian kernel: [    0.493194] pci 0000:00:08.0: reg 0x10: [mem 0xa1420000-0xa1420fff 64bit]
Apr  6 07:56:33 debian kernel: [    0.494445] pci 0000:00:12.0: [8086:9df9] type 00 class 0x118000
Apr  6 07:56:33 debian kernel: [    0.494473] pci 0000:00:12.0: reg 0x10: [mem 0xa1421000-0xa1421fff 64bit]
Apr  6 07:56:33 debian kernel: [    0.495747] pci 0000:00:14.0: [8086:9ded] type 00 class 0x0c0330
Apr  6 07:56:33 debian kernel: [    0.495770] pci 0000:00:14.0: reg 0x10: [mem 0xa1400000-0xa140ffff 64bit]
Apr  6 07:56:33 debian kernel: [    0.495842] pci 0000:00:14.0: PME# supported from D3hot D3cold
Apr  6 07:56:33 debian kernel: [    0.497083] pci 0000:00:14.2: [8086:9def] type 00 class 0x050000
Apr  6 07:56:33 debian kernel: [    0.497109] pci 0000:00:14.2: reg 0x10: [mem 0xa141c000-0xa141dfff 64bit]
Apr  6 07:56:33 debian kernel: [    0.497123] pci 0000:00:14.2: reg 0x18: [mem 0xa1422000-0xa1422fff 64bit]
Apr  6 07:56:33 debian kernel: [    0.498439] pci 0000:00:15.0: [8086:9de8] type 00 class 0x0c8000
Apr  6 07:56:33 debian kernel: [    0.498575] pci 0000:00:15.0: reg 0x10: [mem 0x00000000-0x00000fff 64bit]
Apr  6 07:56:33 debian kernel: [    0.500172] pci 0000:00:15.1: [8086:9de9] type 00 class 0x0c8000
Apr  6 07:56:33 debian kernel: [    0.500308] pci 0000:00:15.1: reg 0x10: [mem 0x00000000-0x00000fff 64bit]
Apr  6 07:56:33 debian kernel: [    0.501904] pci 0000:00:15.2: [8086:9dea] type 00 class 0x0c8000
Apr  6 07:56:33 debian kernel: [    0.502040] pci 0000:00:15.2: reg 0x10: [mem 0x00000000-0x00000fff 64bit]
Apr  6 07:56:33 debian kernel: [    0.503619] pci 0000:00:16.0: [8086:9de0] type 00 class 0x078000
Apr  6 07:56:33 debian kernel: [    0.503653] pci 0000:00:16.0: reg 0x10: [mem 0xa1426000-0xa1426fff 64bit]
Apr  6 07:56:33 debian kernel: [    0.503756] pci 0000:00:16.0: PME# supported from D3hot
Apr  6 07:56:33 debian kernel: [    0.505052] pci 0000:00:17.0: [8086:9dd3] type 00 class 0x010601
Apr  6 07:56:33 debian kernel: [    0.505076] pci 0000:00:17.0: reg 0x10: [mem 0xa141e000-0xa141ffff]
Apr  6 07:56:33 debian kernel: [    0.505086] pci 0000:00:17.0: reg 0x14: [mem 0xa142a000-0xa142a0ff]
Apr  6 07:56:33 debian kernel: [    0.505095] pci 0000:00:17.0: reg 0x18: [io  0x4080-0x4087]
Apr  6 07:56:33 debian kernel: [    0.505105] pci 0000:00:17.0: reg 0x1c: [io  0x4088-0x408b]
Apr  6 07:56:33 debian kernel: [    0.505114] pci 0000:00:17.0: reg 0x20: [io  0x4060-0x407f]
Apr  6 07:56:33 debian kernel: [    0.505124] pci 0000:00:17.0: reg 0x24: [mem 0xa1429000-0xa14297ff]
Apr  6 07:56:33 debian kernel: [    0.505175] pci 0000:00:17.0: PME# supported from D3hot
Apr  6 07:56:33 debian kernel: [    0.506429] pci 0000:00:1d.0: [8086:9db0] type 01 class 0x060400
Apr  6 07:56:33 debian kernel: [    0.506523] pci 0000:00:1d.0: PME# supported from D0 D3hot D3cold
Apr  6 07:56:33 debian kernel: [    0.506541] pci 0000:00:1d.0: PTM enabled (root), 4ns granularity
Apr  6 07:56:33 debian kernel: [    0.507801] pci 0000:00:1d.2: [8086:9db2] type 01 class 0x060400
Apr  6 07:56:33 debian kernel: [    0.507894] pci 0000:00:1d.2: PME# supported from D0 D3hot D3cold
Apr  6 07:56:33 debian kernel: [    0.507912] pci 0000:00:1d.2: PTM enabled (root), 4ns granularity
Apr  6 07:56:33 debian kernel: [    0.509162] pci 0000:00:1d.4: [8086:9db4] type 01 class 0x060400
Apr  6 07:56:33 debian kernel: [    0.509254] pci 0000:00:1d.4: PME# supported from D0 D3hot D3cold
Apr  6 07:56:33 debian kernel: [    0.509272] pci 0000:00:1d.4: PTM enabled (root), 4ns granularity
Apr  6 07:56:33 debian kernel: [    0.510566] pci 0000:00:1f.0: [8086:9d84] type 00 class 0x060100
Apr  6 07:56:33 debian kernel: [    0.512029] pci 0000:00:1f.3: [8086:9dc8] type 00 class 0x040380
Apr  6 07:56:33 debian kernel: [    0.512103] pci 0000:00:1f.3: reg 0x10: [mem 0xa1418000-0xa141bfff 64bit]
Apr  6 07:56:33 debian kernel: [    0.512187] pci 0000:00:1f.3: reg 0x20: [mem 0xa1000000-0xa10fffff 64bit]
Apr  6 07:56:33 debian kernel: [    0.512325] pci 0000:00:1f.3: PME# supported from D3hot D3cold
Apr  6 07:56:33 debian kernel: [    0.513688] pci 0000:00:1f.4: [8086:9da3] type 00 class 0x0c0500
Apr  6 07:56:33 debian kernel: [    0.513719] pci 0000:00:1f.4: reg 0x10: [mem 0xa1427000-0xa14270ff 64bit]
Apr  6 07:56:33 debian kernel: [    0.513751] pci 0000:00:1f.4: reg 0x20: [io  0x4040-0x405f]
Apr  6 07:56:33 debian kernel: [    0.514995] pci 0000:00:1f.5: [8086:9da4] type 00 class 0x0c8000
Apr  6 07:56:33 debian kernel: [    0.515014] pci 0000:00:1f.5: reg 0x10: [mem 0xfe010000-0xfe010fff]
Apr  6 07:56:33 debian kernel: [    0.516297] pci 0000:01:00.0: [10ec:522a] type 00 class 0xff0000
Apr  6 07:56:33 debian kernel: [    0.516329] pci 0000:01:00.0: reg 0x10: [mem 0xa1300000-0xa1300fff]
Apr  6 07:56:33 debian kernel: [    0.516478] pci 0000:01:00.0: supports D1 D2
Apr  6 07:56:33 debian kernel: [    0.516479] pci 0000:01:00.0: PME# supported from D1 D2 D3hot D3cold
Apr  6 07:56:33 debian kernel: [    0.516617] pci 0000:00:1d.0: PCI bridge to [bus 01]
Apr  6 07:56:33 debian kernel: [    0.516622] pci 0000:00:1d.0:   bridge window [mem 0xa1300000-0xa13fffff]
Apr  6 07:56:33 debian kernel: [    0.516695] pci 0000:02:00.0: [10ec:b822] type 00 class 0x028000
Apr  6 07:56:33 debian kernel: [    0.516734] pci 0000:02:00.0: reg 0x10: [io  0x3000-0x30ff]
Apr  6 07:56:33 debian kernel: [    0.516771] pci 0000:02:00.0: reg 0x18: [mem 0xa1200000-0xa120ffff 64bit]
Apr  6 07:56:33 debian kernel: [    0.516914] pci 0000:02:00.0: supports D1 D2
Apr  6 07:56:33 debian kernel: [    0.516916] pci 0000:02:00.0: PME# supported from D0 D1 D2 D3hot D3cold
Apr  6 07:56:33 debian kernel: [    0.517072] pci 0000:00:1d.2: PCI bridge to [bus 02]
Apr  6 07:56:33 debian kernel: [    0.517075] pci 0000:00:1d.2:   bridge window [io  0x3000-0x3fff]
Apr  6 07:56:33 debian kernel: [    0.517078] pci 0000:00:1d.2:   bridge window [mem 0xa1200000-0xa12fffff]
Apr  6 07:56:33 debian kernel: [    0.517143] pci 0000:03:00.0: [15b7:5005] type 00 class 0x010802
Apr  6 07:56:33 debian kernel: [    0.517175] pci 0000:03:00.0: reg 0x10: [mem 0xa1100000-0xa1103fff 64bit]
Apr  6 07:56:33 debian kernel: [    0.517410] pci 0000:00:1d.4: PCI bridge to [bus 03]
Apr  6 07:56:33 debian kernel: [    0.517415] pci 0000:00:1d.4:   bridge window [mem 0xa1100000-0xa11fffff]
Apr  6 07:56:33 debian kernel: [    0.521132] ACPI: EC: interrupt unblocked
Apr  6 07:56:33 debian kernel: [    0.521155] ACPI: EC: event unblocked
Apr  6 07:56:33 debian kernel: [    0.521173] ACPI: \_SB_.PCI0.LPCB.EC0_: GPE=0x50, EC_CMD/EC_SC=0x66, EC_DATA=0x62
Apr  6 07:56:33 debian kernel: [    0.521175] ACPI: \_SB_.PCI0.LPCB.EC0_: Used as boot DSDT EC to handle transactions and events
Apr  6 07:56:33 debian kernel: [    0.521255] pci 0000:00:02.0: vgaarb: setting as boot VGA device
Apr  6 07:56:33 debian kernel: [    0.521255] pci 0000:00:02.0: vgaarb: VGA device added: decodes=io+mem,owns=io+mem,locks=none
Apr  6 07:56:33 debian kernel: [    0.521255] pci 0000:00:02.0: vgaarb: bridge control possible
Apr  6 07:56:33 debian kernel: [    0.521255] vgaarb: loaded
Apr  6 07:56:33 debian kernel: [    0.521255] pps_core: LinuxPPS API ver. 1 registered
Apr  6 07:56:33 debian kernel: [    0.521255] pps_core: Software ver. 5.3.6 - Copyright 2005-2007 Rodolfo Giometti <giometti@linux.it>
Apr  6 07:56:33 debian kernel: [    0.521255] PTP clock support registered
Apr  6 07:56:33 debian kernel: [    0.521255] EDAC MC: Ver: 3.0.0
Apr  6 07:56:33 debian kernel: [    0.521255] PCI: Using ACPI for IRQ routing
Apr  6 07:56:33 debian kernel: [    0.564989] PCI: pci_cache_line_size set to 64 bytes
Apr  6 07:56:33 debian kernel: [    0.565152] e820: reserve RAM buffer [mem 0x0009f800-0x0009ffff]
Apr  6 07:56:33 debian kernel: [    0.565153] e820: reserve RAM buffer [mem 0x67e87000-0x67ffffff]
Apr  6 07:56:33 debian kernel: [    0.565154] e820: reserve RAM buffer [mem 0x7e99e000-0x7fffffff]
Apr  6 07:56:33 debian kernel: [    0.565155] e820: reserve RAM buffer [mem 0x7fd0f000-0x7fffffff]
Apr  6 07:56:33 debian kernel: [    0.565157] e820: reserve RAM buffer [mem 0x270800000-0x273ffffff]
Apr  6 07:56:33 debian kernel: [    0.565260] hpet0: at MMIO 0xfed00000, IRQs 2, 8, 0, 0, 0, 0, 0, 0
Apr  6 07:56:33 debian kernel: [    0.565260] hpet0: 8 comparators, 64-bit 24.000000 MHz counter
Apr  6 07:56:33 debian kernel: [    0.567309] clocksource: Switched to clocksource tsc-early
Apr  6 07:56:33 debian kernel: [    0.576946] VFS: Disk quotas dquot_6.6.0
Apr  6 07:56:33 debian kernel: [    0.576963] VFS: Dquot-cache hash table entries: 512 (order 0, 4096 bytes)
Apr  6 07:56:33 debian kernel: [    0.577075] AppArmor: AppArmor Filesystem Enabled
Apr  6 07:56:33 debian kernel: [    0.577089] pnp: PnP ACPI init
Apr  6 07:56:33 debian kernel: [    0.577198] system 00:00: [mem 0x40000000-0x403fffff] could not be reserved
Apr  6 07:56:33 debian kernel: [    0.577204] system 00:00: Plug and Play ACPI device, IDs PNP0c02 (active)
Apr  6 07:56:33 debian kernel: [    0.577605] system 00:01: [io  0x1800-0x18fe] has been reserved
Apr  6 07:56:33 debian kernel: [    0.577607] system 00:01: [mem 0xfd000000-0xfd69ffff] has been reserved
Apr  6 07:56:33 debian kernel: [    0.577609] system 00:01: [mem 0xfd6b0000-0xfd6cffff] has been reserved
Apr  6 07:56:33 debian kernel: [    0.577610] system 00:01: [mem 0xfd6f0000-0xfdffffff] has been reserved
Apr  6 07:56:33 debian kernel: [    0.577612] system 00:01: [mem 0xfe000000-0xfe01ffff] could not be reserved
Apr  6 07:56:33 debian kernel: [    0.577613] system 00:01: [mem 0xfe200000-0xfe7fffff] has been reserved
Apr  6 07:56:33 debian kernel: [    0.577615] system 00:01: [mem 0xfc7e0000-0xfc7e0fff] has been reserved
Apr  6 07:56:33 debian kernel: [    0.577617] system 00:01: [mem 0xff000000-0xffffffff] could not be reserved
Apr  6 07:56:33 debian kernel: [    0.577621] system 00:01: Plug and Play ACPI device, IDs PNP0c02 (active)
Apr  6 07:56:33 debian kernel: [    0.578033] system 00:02: [io  0x2000-0x20fe] has been reserved
Apr  6 07:56:33 debian kernel: [    0.578036] system 00:02: Plug and Play ACPI device, IDs PNP0c02 (active)
Apr  6 07:56:33 debian kernel: [    0.578178] system 00:03: [io  0x0680-0x069f] has been reserved
Apr  6 07:56:33 debian kernel: [    0.578179] system 00:03: [io  0x164e-0x164f] has been reserved
Apr  6 07:56:33 debian kernel: [    0.578181] system 00:03: [io  0xfd60-0xfd63] has been reserved
Apr  6 07:56:33 debian kernel: [    0.578184] system 00:03: Plug and Play ACPI device, IDs PNP0c02 (active)
Apr  6 07:56:33 debian kernel: [    0.578244] pnp 00:04: Plug and Play ACPI device, IDs PNP0b00 (active)
Apr  6 07:56:33 debian kernel: [    0.578370] system 00:05: [io  0x1854-0x1857] has been reserved
Apr  6 07:56:33 debian kernel: [    0.578374] system 00:05: Plug and Play ACPI device, IDs INT3f0d PNP0c02 (active)
Apr  6 07:56:33 debian kernel: [    0.578417] pnp 00:06: Plug and Play ACPI device, IDs PNP0303 (active)
Apr  6 07:56:33 debian kernel: [    0.579983] system 00:07: Plug and Play ACPI device, IDs PNP0c02 (active)
Apr  6 07:56:33 debian kernel: [    0.580878] system 00:08: [mem 0xfed10000-0xfed17fff] has been reserved
Apr  6 07:56:33 debian kernel: [    0.580880] system 00:08: [mem 0xfed18000-0xfed18fff] has been reserved
Apr  6 07:56:33 debian kernel: [    0.580881] system 00:08: [mem 0xfed19000-0xfed19fff] has been reserved
Apr  6 07:56:33 debian kernel: [    0.580885] system 00:08: [mem 0xe0000000-0xefffffff] has been reserved
Apr  6 07:56:33 debian kernel: [    0.580887] system 00:08: [mem 0xfed20000-0xfed3ffff] has been reserved
Apr  6 07:56:33 debian kernel: [    0.580889] system 00:08: [mem 0xfed90000-0xfed93fff] could not be reserved
Apr  6 07:56:33 debian kernel: [    0.580890] system 00:08: [mem 0xfed45000-0xfed8ffff] could not be reserved
Apr  6 07:56:33 debian kernel: [    0.580892] system 00:08: [mem 0xfee00000-0xfeefffff] could not be reserved
Apr  6 07:56:33 debian kernel: [    0.580896] system 00:08: Plug and Play ACPI device, IDs PNP0c02 (active)
Apr  6 07:56:33 debian kernel: [    0.581425] pnp: PnP ACPI: found 9 devices
Apr  6 07:56:33 debian kernel: [    0.587294] clocksource: acpi_pm: mask: 0xffffff max_cycles: 0xffffff, max_idle_ns: 2085701024 ns
Apr  6 07:56:33 debian kernel: [    0.587311] pci 0000:00:15.0: BAR 0: assigned [mem 0x8d800000-0x8d800fff 64bit]
Apr  6 07:56:33 debian kernel: [    0.587377] pci 0000:00:15.1: BAR 0: assigned [mem 0x8d801000-0x8d801fff 64bit]
Apr  6 07:56:33 debian kernel: [    0.587434] pci 0000:00:15.2: BAR 0: assigned [mem 0x8d802000-0x8d802fff 64bit]
Apr  6 07:56:33 debian kernel: [    0.587493] pci 0000:00:1d.0: PCI bridge to [bus 01]
Apr  6 07:56:33 debian kernel: [    0.587497] pci 0000:00:1d.0:   bridge window [mem 0xa1300000-0xa13fffff]
Apr  6 07:56:33 debian kernel: [    0.587504] pci 0000:00:1d.2: PCI bridge to [bus 02]
Apr  6 07:56:33 debian kernel: [    0.587506] pci 0000:00:1d.2:   bridge window [io  0x3000-0x3fff]
Apr  6 07:56:33 debian kernel: [    0.587510] pci 0000:00:1d.2:   bridge window [mem 0xa1200000-0xa12fffff]
Apr  6 07:56:33 debian kernel: [    0.587516] pci 0000:00:1d.4: PCI bridge to [bus 03]
Apr  6 07:56:33 debian kernel: [    0.587520] pci 0000:00:1d.4:   bridge window [mem 0xa1100000-0xa11fffff]
Apr  6 07:56:33 debian kernel: [    0.587527] pci_bus 0000:00: resource 4 [io  0x0000-0x0cf7 window]
Apr  6 07:56:33 debian kernel: [    0.587529] pci_bus 0000:00: resource 5 [io  0x0d00-0xffff window]
Apr  6 07:56:33 debian kernel: [    0.587530] pci_bus 0000:00: resource 6 [mem 0x000a0000-0x000bffff window]
Apr  6 07:56:33 debian kernel: [    0.587532] pci_bus 0000:00: resource 7 [mem 0x8d800000-0xdfffffff window]
Apr  6 07:56:33 debian kernel: [    0.587533] pci_bus 0000:00: resource 8 [mem 0xfc800000-0xfe7fffff window]
Apr  6 07:56:33 debian kernel: [    0.587534] pci_bus 0000:01: resource 1 [mem 0xa1300000-0xa13fffff]
Apr  6 07:56:33 debian kernel: [    0.587536] pci_bus 0000:02: resource 0 [io  0x3000-0x3fff]
Apr  6 07:56:33 debian kernel: [    0.587537] pci_bus 0000:02: resource 1 [mem 0xa1200000-0xa12fffff]
Apr  6 07:56:33 debian kernel: [    0.587538] pci_bus 0000:03: resource 1 [mem 0xa1100000-0xa11fffff]
Apr  6 07:56:33 debian kernel: [    0.587726] NET: Registered protocol family 2
Apr  6 07:56:33 debian kernel: [    0.587887] tcp_listen_portaddr_hash hash table entries: 4096 (order: 4, 65536 bytes)
Apr  6 07:56:33 debian kernel: [    0.587922] TCP established hash table entries: 65536 (order: 7, 524288 bytes)
Apr  6 07:56:33 debian kernel: [    0.588044] TCP bind hash table entries: 65536 (order: 8, 1048576 bytes)
Apr  6 07:56:33 debian kernel: [    0.588168] TCP: Hash tables configured (established 65536 bind 65536)
Apr  6 07:56:33 debian kernel: [    0.588203] UDP hash table entries: 4096 (order: 5, 131072 bytes)
Apr  6 07:56:33 debian kernel: [    0.588229] UDP-Lite hash table entries: 4096 (order: 5, 131072 bytes)
Apr  6 07:56:33 debian kernel: [    0.588291] NET: Registered protocol family 1
Apr  6 07:56:33 debian kernel: [    0.588297] NET: Registered protocol family 44
Apr  6 07:56:33 debian kernel: [    0.588308] pci 0000:00:02.0: Video device with shadowed ROM at [mem 0x000c0000-0x000dffff]
Apr  6 07:56:33 debian kernel: [    0.590008] PCI: CLS 64 bytes, default 64
Apr  6 07:56:33 debian kernel: [    0.590044] Unpacking initramfs...
Apr  6 07:56:33 debian kernel: [    1.381427] Freeing initrd memory: 35400K
Apr  6 07:56:33 debian kernel: [    1.402299] PCI-DMA: Using software bounce buffering for IO (SWIOTLB)
Apr  6 07:56:33 debian kernel: [    1.402306] software IO TLB: mapped [mem 0x7a99e000-0x7e99e000] (64MB)
Apr  6 07:56:33 debian kernel: [    1.402364] clocksource: tsc: mask: 0xffffffffffffffff max_cycles: 0x19f2297dd97, max_idle_ns: 440795236593 ns
Apr  6 07:56:33 debian kernel: [    1.402384] clocksource: Switched to clocksource tsc
Apr  6 07:56:33 debian kernel: [    1.403268] Initialise system trusted keyrings
Apr  6 07:56:33 debian kernel: [    1.403276] Key type blacklist registered
Apr  6 07:56:33 debian kernel: [    1.403324] workingset: timestamp_bits=40 max_order=21 bucket_order=0
Apr  6 07:56:33 debian kernel: [    1.404672] zbud: loaded
Apr  6 07:56:33 debian kernel: [    1.600635] Key type asymmetric registered
Apr  6 07:56:33 debian kernel: [    1.600637] Asymmetric key parser 'x509' registered
Apr  6 07:56:33 debian kernel: [    1.600645] Block layer SCSI generic (bsg) driver version 0.4 loaded (major 247)
Apr  6 07:56:33 debian kernel: [    1.600669] io scheduler noop registered
Apr  6 07:56:33 debian kernel: [    1.600670] io scheduler deadline registered
Apr  6 07:56:33 debian kernel: [    1.600700] io scheduler cfq registered (default)
Apr  6 07:56:33 debian kernel: [    1.600701] io scheduler mq-deadline registered
Apr  6 07:56:33 debian kernel: [    1.601408] pcieport 0000:00:1d.0: Signaling PME with IRQ 122
Apr  6 07:56:33 debian kernel: [    1.601443] pcieport 0000:00:1d.0: AER enabled with IRQ 122
Apr  6 07:56:33 debian kernel: [    1.601503] dpc 0000:00:1d.0:pcie008: DPC error containment capabilities: Int Msg #0, RPExt+ PoisonedTLP+ SwTrigger+ RP PIO Log 4, DL_ActiveErr+
Apr  6 07:56:33 debian kernel: [    1.601768] pcieport 0000:00:1d.2: Signaling PME with IRQ 123
Apr  6 07:56:33 debian kernel: [    1.602015] pcieport 0000:00:1d.4: Signaling PME with IRQ 124
Apr  6 07:56:33 debian kernel: [    1.602049] pcieport 0000:00:1d.4: AER enabled with IRQ 124
Apr  6 07:56:33 debian kernel: [    1.602093] dpc 0000:00:1d.4:pcie008: DPC error containment capabilities: Int Msg #0, RPExt+ PoisonedTLP+ SwTrigger+ RP PIO Log 4, DL_ActiveErr+
Apr  6 07:56:33 debian kernel: [    1.602157] shpchp: Standard Hot Plug PCI Controller Driver version: 0.4
Apr  6 07:56:33 debian kernel: [    1.602176] intel_idle: MWAIT substates: 0x11142120
Apr  6 07:56:33 debian kernel: [    1.602177] intel_idle: v0.4.1 model 0x8E
Apr  6 07:56:33 debian kernel: [    1.602647] intel_idle: lapic_timer_reliable_states 0xffffffff
Apr  6 07:56:33 debian kernel: [    1.604178] Serial: 8250/16550 driver, 4 ports, IRQ sharing enabled
Apr  6 07:56:33 debian kernel: [    1.604747] Linux agpgart interface v0.103
Apr  6 07:56:33 debian kernel: [    1.604813] AMD IOMMUv2 driver by Joerg Roedel <jroedel@suse.de>
Apr  6 07:56:33 debian kernel: [    1.604814] AMD IOMMUv2 functionality not available on this system
Apr  6 07:56:33 debian kernel: [    1.605364] i8042: PNP: PS/2 Controller [PNP0303:PS2K] at 0x60,0x64 irq 1
Apr  6 07:56:33 debian kernel: [    1.605364] i8042: PNP: PS/2 appears to have AUX port disabled, if this is incorrect please boot with i8042.nopnp
Apr  6 07:56:33 debian kernel: [    1.605824] serio: i8042 KBD port at 0x60,0x64 irq 1
Apr  6 07:56:33 debian kernel: [    1.605908] mousedev: PS/2 mouse device common for all mice
Apr  6 07:56:33 debian kernel: [    1.605962] rtc_cmos 00:04: RTC can wake from S4
Apr  6 07:56:33 debian kernel: [    1.606808] rtc_cmos 00:04: registered as rtc0
Apr  6 07:56:33 debian kernel: [    1.606824] rtc_cmos 00:04: alarms up to one month, y3k, 242 bytes nvram, hpet irqs
Apr  6 07:56:33 debian kernel: [    1.606833] intel_pstate: Intel P-state driver initializing
Apr  6 07:56:33 debian kernel: [    1.607428] intel_pstate: HWP enabled
Apr  6 07:56:33 debian kernel: [    1.607476] ledtrig-cpu: registered to indicate activity on CPUs
Apr  6 07:56:33 debian kernel: [    1.607846] NET: Registered protocol family 10
Apr  6 07:56:33 debian kernel: [    1.614504] Segment Routing with IPv6
Apr  6 07:56:33 debian kernel: [    1.614524] mip6: Mobile IPv6
Apr  6 07:56:33 debian kernel: [    1.614526] NET: Registered protocol family 17
Apr  6 07:56:33 debian kernel: [    1.614692] mpls_gso: MPLS GSO support
Apr  6 07:56:33 debian kernel: [    1.615476] mce: Using 10 MCE banks
Apr  6 07:56:33 debian kernel: [    1.615545] microcode: sig=0x806ec, pf=0x80, revision=0xb8
Apr  6 07:56:33 debian kernel: [    1.615834] microcode: Microcode Update Driver: v2.2.
Apr  6 07:56:33 debian kernel: [    1.615844] sched_clock: Marking stable (1606076307, 9753808)->(1630156230, -14326115)
Apr  6 07:56:33 debian kernel: [    1.616199] input: AT Translated Set 2 keyboard as /devices/platform/i8042/serio0/input/input0
Apr  6 07:56:33 debian kernel: [    1.616435] registered taskstats version 1
Apr  6 07:56:33 debian kernel: [    1.616436] Loading compiled-in X.509 certificates
Apr  6 07:56:33 debian kernel: [    1.650144] Loaded X.509 cert 'Debian Secure Boot CA: 6ccece7e4c6c0d1f6149f3dd27dfcc5cbb419ea1'
Apr  6 07:56:33 debian kernel: [    1.650153] Loaded X.509 cert 'Debian Secure Boot Signer 2021 - linux: 4b6ef5abca669825178e052c84667ccbc0531f8c'
Apr  6 07:56:33 debian kernel: [    1.650165] zswap: loaded using pool lzo/zbud
Apr  6 07:56:33 debian kernel: [    1.650276] AppArmor: AppArmor sha1 policy hashing enabled
Apr  6 07:56:33 debian kernel: [    1.651240] rtc_cmos 00:04: setting system clock to 2021-04-06 04:56:30 UTC (1617684990)
Apr  6 07:56:33 debian kernel: [    1.652031] Freeing unused kernel image memory: 1600K
Apr  6 07:56:33 debian kernel: [    1.722628] Write protecting the kernel read-only data: 16384k
Apr  6 07:56:33 debian kernel: [    1.723501] Freeing unused kernel image memory: 2028K
Apr  6 07:56:33 debian kernel: [    1.723737] Freeing unused kernel image memory: 768K
Apr  6 07:56:33 debian kernel: [    1.735207] x86/mm: Checked W+X mappings: passed, no W+X pages found.
Apr  6 07:56:33 debian kernel: [    1.735209] Run /init as init process
Apr  6 07:56:33 debian kernel: [    1.808359] input: Lid Switch as /devices/LNXSYSTM:00/LNXSYBUS:00/PNP0A08:00/device:19/PNP0C0D:00/input/input1
Apr  6 07:56:33 debian kernel: [    1.808369] ACPI: Lid Switch [LID0]
Apr  6 07:56:33 debian kernel: [    1.808475] input: Power Button as /devices/LNXSYSTM:00/LNXSYBUS:00/PNP0C0C:00/input/input2
Apr  6 07:56:33 debian kernel: [    1.808489] ACPI: Power Button [PWRB]
Apr  6 07:56:33 debian kernel: [    1.808541] input: Power Button as /devices/LNXSYSTM:00/LNXPWRBN:00/input/input3
Apr  6 07:56:33 debian kernel: [    1.808550] ACPI: Power Button [PWRF]
Apr  6 07:56:33 debian kernel: [    1.817333] acpi PNP0C14:02: duplicate WMI GUID 05901221-D566-11D1-B2F0-00A0C9062910 (first instance was on PNP0C14:01)
Apr  6 07:56:33 debian kernel: [    1.817379] acpi PNP0C14:03: duplicate WMI GUID 05901221-D566-11D1-B2F0-00A0C9062910 (first instance was on PNP0C14:01)
Apr  6 07:56:33 debian kernel: [    1.819895] hidraw: raw HID events driver (C) Jiri Kosina
Apr  6 07:56:33 debian kernel: [    1.826080] cryptd: max_cpu_qlen set to 1000
Apr  6 07:56:33 debian kernel: [    1.828430] intel-lpss 0000:00:15.0: enabling device (0000 -> 0002)
Apr  6 07:56:33 debian kernel: [    1.828590] i801_smbus 0000:00:1f.4: SPD Write Disable is set
Apr  6 07:56:33 debian kernel: [    1.828687] i801_smbus 0000:00:1f.4: SMBus using PCI interrupt
Apr  6 07:56:33 debian kernel: [    1.829173] SCSI subsystem initialized
Apr  6 07:56:33 debian kernel: [    1.829853] ACPI: bus type USB registered
Apr  6 07:56:33 debian kernel: [    1.829869] usbcore: registered new interface driver usbfs
Apr  6 07:56:33 debian kernel: [    1.829875] usbcore: registered new interface driver hub
Apr  6 07:56:33 debian kernel: [    1.829883] usbcore: registered new device driver usb
Apr  6 07:56:33 debian kernel: [    1.838588] nvme nvme0: pci function 0000:03:00.0
Apr  6 07:56:33 debian kernel: [    1.838653] AVX2 version of gcm_enc/dec engaged.
Apr  6 07:56:33 debian kernel: [    1.838653] AES CTR mode by8 optimization enabled
Apr  6 07:56:33 debian kernel: [    1.841530] libata version 3.00 loaded.
Apr  6 07:56:33 debian kernel: [    1.842347] xhci_hcd 0000:00:14.0: xHCI Host Controller
Apr  6 07:56:33 debian kernel: [    1.842354] xhci_hcd 0000:00:14.0: new USB bus registered, assigned bus number 1
Apr  6 07:56:33 debian kernel: [    1.843423] xhci_hcd 0000:00:14.0: hcc params 0x200077c1 hci version 0x110 quirks 0x0000000000009810
Apr  6 07:56:33 debian kernel: [    1.843427] xhci_hcd 0000:00:14.0: cache line size of 64 is not supported
Apr  6 07:56:33 debian kernel: [    1.843608] usb usb1: New USB device found, idVendor=1d6b, idProduct=0002, bcdDevice= 4.19
Apr  6 07:56:33 debian kernel: [    1.843610] usb usb1: New USB device strings: Mfr=3, Product=2, SerialNumber=1
Apr  6 07:56:33 debian kernel: [    1.843611] usb usb1: Product: xHCI Host Controller
Apr  6 07:56:33 debian kernel: [    1.843612] usb usb1: Manufacturer: Linux 4.19.0-16-amd64 xhci-hcd
Apr  6 07:56:33 debian kernel: [    1.843613] usb usb1: SerialNumber: 0000:00:14.0
Apr  6 07:56:33 debian kernel: [    1.844050] ahci 0000:00:17.0: version 3.0
Apr  6 07:56:33 debian kernel: [    1.858122] intel-lpss 0000:00:15.1: enabling device (0000 -> 0002)
Apr  6 07:56:33 debian kernel: [    1.858204] hub 1-0:1.0: USB hub found
Apr  6 07:56:33 debian kernel: [    1.858238] hub 1-0:1.0: 12 ports detected
Apr  6 07:56:33 debian kernel: [    1.858261] ahci 0000:00:17.0: AHCI 0001.0301 32 slots 1 ports 6 Gbps 0x2 impl SATA mode
Apr  6 07:56:33 debian kernel: [    1.858263] ahci 0000:00:17.0: flags: 64bit ncq sntf pm clo only pio slum part deso sadm sds apst 
Apr  6 07:56:33 debian kernel: [    1.873762] intel-lpss 0000:00:15.2: enabling device (0000 -> 0002)
Apr  6 07:56:33 debian kernel: [    1.874132] scsi host0: ahci
Apr  6 07:56:33 debian kernel: [    1.874240] scsi host1: ahci
Apr  6 07:56:33 debian kernel: [    1.874286] xhci_hcd 0000:00:14.0: xHCI Host Controller
Apr  6 07:56:33 debian kernel: [    1.874288] ata1: DUMMY
Apr  6 07:56:33 debian kernel: [    1.874290] xhci_hcd 0000:00:14.0: new USB bus registered, assigned bus number 2
Apr  6 07:56:33 debian kernel: [    1.874291] ata2: SATA max UDMA/133 abar m2048@0xa1429000 port 0xa1429180 irq 128
Apr  6 07:56:33 debian kernel: [    1.874292] xhci_hcd 0000:00:14.0: Host supports USB 3.1 Enhanced SuperSpeed
Apr  6 07:56:33 debian kernel: [    1.874343] usb usb2: New USB device found, idVendor=1d6b, idProduct=0003, bcdDevice= 4.19
Apr  6 07:56:33 debian kernel: [    1.874344] usb usb2: New USB device strings: Mfr=3, Product=2, SerialNumber=1
Apr  6 07:56:33 debian kernel: [    1.874344] usb usb2: Product: xHCI Host Controller
Apr  6 07:56:33 debian kernel: [    1.874345] usb usb2: Manufacturer: Linux 4.19.0-16-amd64 xhci-hcd
Apr  6 07:56:33 debian kernel: [    1.874346] usb usb2: SerialNumber: 0000:00:14.0
Apr  6 07:56:33 debian kernel: [    1.874439] hub 2-0:1.0: USB hub found
Apr  6 07:56:33 debian kernel: [    1.874466] hub 2-0:1.0: 6 ports detected
Apr  6 07:56:33 debian kernel: [    1.874591] usb: port power management may be unreliable
Apr  6 07:56:33 debian kernel: [    1.882570] [drm] Replacing VGA console driver
Apr  6 07:56:33 debian kernel: [    1.883318] i2c_hid i2c-MSFT0001:02: i2c-MSFT0001:02 supply vdd not found, using dummy regulator
Apr  6 07:56:33 debian kernel: [    1.883326] i2c_hid i2c-MSFT0001:02: Linked as a consumer to regulator.0
Apr  6 07:56:33 debian kernel: [    1.883327] i2c_hid i2c-MSFT0001:02: i2c-MSFT0001:02 supply vddl not found, using dummy regulator
Apr  6 07:56:33 debian kernel: [    1.885725] Console: switching to colour dummy device 80x25
Apr  6 07:56:33 debian kernel: [    1.887362] [drm] Supports vblank timestamp caching Rev 2 (21.10.2013).
Apr  6 07:56:33 debian kernel: [    1.887362] [drm] Driver supports precise vblank timestamp query.
Apr  6 07:56:33 debian kernel: [    1.888338] i915 0000:00:02.0: vgaarb: changed VGA decodes: olddecodes=io+mem,decodes=io+mem:owns=io+mem
Apr  6 07:56:33 debian kernel: [    1.889865] i915 0000:00:02.0: firmware: failed to load i915/kbl_dmc_ver1_04.bin (-2)
Apr  6 07:56:33 debian kernel: [    1.889868] firmware_class: See https://wiki.debian.org/Firmware for information about missing firmware
Apr  6 07:56:33 debian kernel: [    1.889870] i915 0000:00:02.0: Direct firmware load for i915/kbl_dmc_ver1_04.bin failed with error -2
Apr  6 07:56:33 debian kernel: [    1.889872] i915 0000:00:02.0: Failed to load DMC firmware i915/kbl_dmc_ver1_04.bin. Disabling runtime power management.
Apr  6 07:56:33 debian kernel: [    1.889872] i915 0000:00:02.0: DMC firmware homepage: https://git.kernel.org/pub/scm/linux/kernel/git/firmware/linux-firmware.git/tree/i915
Apr  6 07:56:33 debian kernel: [    2.046493] input: MSFT0001:02 06CB:7F28 Mouse as /devices/pci0000:00/0000:00:15.0/i2c_designware.0/i2c-1/i2c-MSFT0001:02/0018:06CB:7F28.0001/input/input4
Apr  6 07:56:33 debian kernel: [    2.046531] input: MSFT0001:02 06CB:7F28 Touchpad as /devices/pci0000:00/0000:00:15.0/i2c_designware.0/i2c-1/i2c-MSFT0001:02/0018:06CB:7F28.0001/input/input5
Apr  6 07:56:33 debian kernel: [    2.046559] hid-generic 0018:06CB:7F28.0001: input,hidraw0: I2C HID v1.00 Mouse [MSFT0001:02 06CB:7F28] on i2c-MSFT0001:02
Apr  6 07:56:33 debian kernel: [    2.058812]  nvme0n1: p1 p2 < p5 >
Apr  6 07:56:33 debian kernel: [    2.188435] ata2: SATA link down (SStatus 4 SControl 300)
Apr  6 07:56:33 debian kernel: [    2.214510] usb 1-1: new low-speed USB device number 2 using xhci_hcd
Apr  6 07:56:33 debian kernel: [    2.268336] [drm:lspcon_init [i915]] *ERROR* Failed to probe lspcon
Apr  6 07:56:33 debian kernel: [    2.268360] [drm:intel_modeset_init [i915]] *ERROR* LSPCON init failed on port C
Apr  6 07:56:33 debian kernel: [    2.371363] usb 1-1: New USB device found, idVendor=045e, idProduct=078c, bcdDevice= 1.11
Apr  6 07:56:33 debian kernel: [    2.371364] usb 1-1: New USB device strings: Mfr=1, Product=2, SerialNumber=0
Apr  6 07:56:33 debian kernel: [    2.371365] usb 1-1: Product: USB Keyboard
Apr  6 07:56:33 debian kernel: [    2.371365] usb 1-1: Manufacturer: LITEON Technology
Apr  6 07:56:33 debian kernel: [    2.377800] input: LITEON Technology USB Keyboard as /devices/pci0000:00/0000:00:14.0/usb1/1-1/1-1:1.0/0003:045E:078C.0002/input/input7
Apr  6 07:56:33 debian kernel: [    2.434308] hid-generic 0003:045E:078C.0002: input,hidraw1: USB HID v1.10 Keyboard [LITEON Technology USB Keyboard] on usb-0000:00:14.0-1/input0
Apr  6 07:56:33 debian kernel: [    2.434327] usbcore: registered new interface driver usbhid
Apr  6 07:56:33 debian kernel: [    2.434327] usbhid: USB HID core driver
Apr  6 07:56:33 debian kernel: [    2.502256] usb 1-2: new full-speed USB device number 3 using xhci_hcd
Apr  6 07:56:33 debian kernel: [    2.538757] [drm] Initialized i915 1.6.0 20180719 for 0000:00:02.0 on minor 0
Apr  6 07:56:33 debian kernel: [    2.539845] ACPI: Video Device [GFX0] (multi-head: yes  rom: no  post: no)
Apr  6 07:56:33 debian kernel: [    2.540083] input: Video Bus as /devices/LNXSYSTM:00/LNXSYBUS:00/PNP0A08:00/LNXVIDEO:00/input/input8
Apr  6 07:56:33 debian kernel: [    2.542158] fbcon: inteldrmfb (fb0) is primary device
Apr  6 07:56:33 debian kernel: [    2.653867] usb 1-2: New USB device found, idVendor=2516, idProduct=0040, bcdDevice=11.02
Apr  6 07:56:33 debian kernel: [    2.653868] usb 1-2: New USB device strings: Mfr=1, Product=2, SerialNumber=0
Apr  6 07:56:33 debian kernel: [    2.653869] usb 1-2: Product: MasterMouse Pro L
Apr  6 07:56:33 debian kernel: [    2.653870] usb 1-2: Manufacturer: Cooler Master Technology Inc.
Apr  6 07:56:33 debian kernel: [    2.657305] input: Cooler Master Technology Inc. MasterMouse Pro L as /devices/pci0000:00/0000:00:14.0/usb1/1-2/1-2:1.0/0003:2516:0040.0003/input/input9
Apr  6 07:56:33 debian kernel: [    2.657436] hid-generic 0003:2516:0040.0003: input,hidraw2: USB HID v1.11 Mouse [Cooler Master Technology Inc. MasterMouse Pro L] on usb-0000:00:14.0-2/input0
Apr  6 07:56:33 debian kernel: [    2.658268] hid-generic 0003:2516:0040.0004: hiddev0,hidraw3: USB HID v1.11 Device [Cooler Master Technology Inc. MasterMouse Pro L] on usb-0000:00:14.0-2/input1
Apr  6 07:56:33 debian kernel: [    2.659182] input: Cooler Master Technology Inc. MasterMouse Pro L System Control as /devices/pci0000:00/0000:00:14.0/usb1/1-2/1-2:1.2/0003:2516:0040.0005/input/input10
Apr  6 07:56:33 debian kernel: [    2.718933] input: Cooler Master Technology Inc. MasterMouse Pro L Consumer Control as /devices/pci0000:00/0000:00:14.0/usb1/1-2/1-2:1.2/0003:2516:0040.0005/input/input11
Apr  6 07:56:33 debian kernel: [    2.719003] input: Cooler Master Technology Inc. MasterMouse Pro L Keyboard as /devices/pci0000:00/0000:00:14.0/usb1/1-2/1-2:1.2/0003:2516:0040.0005/input/input12
Apr  6 07:56:33 debian kernel: [    2.719175] hid-generic 0003:2516:0040.0005: input,hidraw4: USB HID v1.11 Keyboard [Cooler Master Technology Inc. MasterMouse Pro L] on usb-0000:00:14.0-2/input2
Apr  6 07:56:33 debian kernel: [    2.846865] usb 1-6: new high-speed USB device number 4 using xhci_hcd
Apr  6 07:56:33 debian kernel: [    3.007706] usb 1-6: New USB device found, idVendor=5986, idProduct=2115, bcdDevice=54.20
Apr  6 07:56:33 debian kernel: [    3.007710] usb 1-6: New USB device strings: Mfr=1, Product=2, SerialNumber=0
Apr  6 07:56:33 debian kernel: [    3.007713] usb 1-6: Product: Integrated Camera
Apr  6 07:56:33 debian kernel: [    3.007715] usb 1-6: Manufacturer: SunplusIT Inc
Apr  6 07:56:33 debian kernel: [    3.138858] usb 1-10: new full-speed USB device number 5 using xhci_hcd
Apr  6 07:56:33 debian kernel: [    3.289342] usb 1-10: New USB device found, idVendor=0bda, idProduct=b023, bcdDevice= 1.10
Apr  6 07:56:33 debian kernel: [    3.289346] usb 1-10: New USB device strings: Mfr=1, Product=2, SerialNumber=3
Apr  6 07:56:33 debian kernel: [    3.289348] usb 1-10: Product: Bluetooth Radio 
Apr  6 07:56:33 debian kernel: [    3.289351] usb 1-10: Manufacturer: Realtek 
Apr  6 07:56:33 debian kernel: [    3.289352] usb 1-10: SerialNumber: 00e04c000001
Apr  6 07:56:33 debian kernel: [    3.658765] Console: switching to colour frame buffer device 240x67
Apr  6 07:56:33 debian kernel: [    3.680830] i915 0000:00:02.0: fb0: inteldrmfb frame buffer device
Apr  6 07:56:33 debian kernel: [    3.726999] PM: Image not found (code -22)
Apr  6 07:56:33 debian kernel: [    3.874802] EXT4-fs (nvme0n1p1): mounted filesystem with ordered data mode. Opts: (null)
Apr  6 07:56:33 debian kernel: [    4.094046] EXT4-fs (nvme0n1p1): re-mounted. Opts: errors=remount-ro
Apr  6 07:56:33 debian kernel: [    4.095240] lp: driver loaded but no devices found
Apr  6 07:56:33 debian kernel: [    4.098887] ppdev: user-space parallel port driver
Apr  6 07:56:33 debian kernel: [    4.152126] loop: module loaded
Apr  6 07:56:33 debian kernel: [    4.186139] squashfs: version 4.0 (2009/01/31) Phillip Lougher
Apr  6 07:56:33 debian kernel: [    4.223428] media: Linux media interface: v0.10
Apr  6 07:56:33 debian kernel: [    4.224726] iTCO_vendor_support: vendor-support=0
Apr  6 07:56:33 debian kernel: [    4.225740] ACPI: AC Adapter [ACAD] (off-line)
Apr  6 07:56:33 debian kernel: [    4.227296] iTCO_wdt: Intel TCO WatchDog Timer Driver v1.11
Apr  6 07:56:33 debian kernel: [    4.227341] iTCO_wdt iTCO_wdt: can't request region for resource [mem 0x00c5fffc-0x00c5ffff]
Apr  6 07:56:33 debian kernel: [    4.227374] iTCO_wdt: probe of iTCO_wdt failed with error -16
Apr  6 07:56:33 debian kernel: [    4.228651] input: PC Speaker as /devices/platform/pcspkr/input/input13
Apr  6 07:56:33 debian kernel: [    4.237042] videodev: Linux video capture interface: v2.00
Apr  6 07:56:33 debian kernel: [    4.239662] alg: No test for fips(ansi_cprng) (fips_ansi_cprng)
Apr  6 07:56:33 debian kernel: [    4.247600] RAPL PMU: API unit is 2^-32 Joules, 5 fixed counters, 655360 ms ovfl timer
Apr  6 07:56:33 debian kernel: [    4.247602] RAPL PMU: hw unit of domain pp0-core 2^-14 Joules
Apr  6 07:56:33 debian kernel: [    4.247603] RAPL PMU: hw unit of domain package 2^-14 Joules
Apr  6 07:56:33 debian kernel: [    4.247603] RAPL PMU: hw unit of domain dram 2^-14 Joules
Apr  6 07:56:33 debian kernel: [    4.247604] RAPL PMU: hw unit of domain pp1-gpu 2^-14 Joules
Apr  6 07:56:33 debian kernel: [    4.247604] RAPL PMU: hw unit of domain psys 2^-14 Joules
Apr  6 07:56:33 debian kernel: [    4.247921] idma64 idma64.0: Found Intel integrated DMA 64-bit
Apr  6 07:56:33 debian kernel: [    4.251825] Adding 998396k swap on /dev/nvme0n1p5.  Priority:-2 extents:1 across:998396k SSFS
Apr  6 07:56:33 debian kernel: [    4.255527] idma64 idma64.1: Found Intel integrated DMA 64-bit
Apr  6 07:56:33 debian kernel: [    4.263609] uvcvideo: Found UVC 1.00 device Integrated Camera (5986:2115)
Apr  6 07:56:33 debian kernel: [    4.284103] input: Integrated Camera: Integrated C as /devices/pci0000:00/0000:00:14.0/usb1/1-6/1-6:1.0/input/input14
Apr  6 07:56:33 debian kernel: [    4.286837] input: Ideapad extra buttons as /devices/pci0000:00/0000:00:1f.0/PNP0C09:00/VPC2004:00/input/input15
Apr  6 07:56:33 debian kernel: [    4.299177] idma64 idma64.2: Found Intel integrated DMA 64-bit
Apr  6 07:56:33 debian kernel: [    4.308901] Bluetooth: Core ver 2.22
Apr  6 07:56:33 debian kernel: [    4.308912] NET: Registered protocol family 31
Apr  6 07:56:33 debian kernel: [    4.308912] Bluetooth: HCI device and connection manager initialized
Apr  6 07:56:33 debian kernel: [    4.308915] Bluetooth: HCI socket layer initialized
Apr  6 07:56:33 debian kernel: [    4.308916] Bluetooth: L2CAP socket layer initialized
Apr  6 07:56:33 debian kernel: [    4.308923] Bluetooth: SCO socket layer initialized
Apr  6 07:56:33 debian kernel: [    4.314701] proc_thermal 0000:00:04.0: Creating sysfs group for PROC_THERMAL_PCI
Apr  6 07:56:33 debian kernel: [    4.316484] usbcore: registered new interface driver btusb
Apr  6 07:56:33 debian kernel: [    4.317913] Bluetooth: hci0: RTL: rtl: examining hci_ver=07 hci_rev=000b lmp_ver=07 lmp_subver=8822
Apr  6 07:56:33 debian kernel: [    4.317913] 
Apr  6 07:56:33 debian kernel: [    4.324626] snd_hda_intel 0000:00:1f.3: bound 0000:00:02.0 (ops i915_audio_component_bind_ops [i915])
Apr  6 07:56:33 debian kernel: [    4.330713] Bluetooth: hci0: RTL: rom_version status=0 version=2
Apr  6 07:56:33 debian kernel: [    4.330713] 
Apr  6 07:56:33 debian kernel: [    4.330715] Bluetooth: hci0: RTL: rtl: loading rtl_bt/rtl8822b_fw.bin
Apr  6 07:56:33 debian kernel: [    4.330715] 
Apr  6 07:56:33 debian kernel: [    4.341396] r8822be: module is from the staging directory, the quality is unknown, you have been warned.
Apr  6 07:56:33 debian kernel: [    4.343924] bluetooth hci0: firmware: direct-loading firmware rtl_bt/rtl8822b_fw.bin
Apr  6 07:56:33 debian kernel: [    4.343931] Bluetooth: hci0: RTL: rtl: loading rtl_bt/rtl8822b_config.bin
Apr  6 07:56:33 debian kernel: [    4.343931] 
Apr  6 07:56:33 debian kernel: [    4.343991] bluetooth hci0: firmware: direct-loading firmware rtl_bt/rtl8822b_config.bin
Apr  6 07:56:33 debian kernel: [    4.343998] Bluetooth: hci0: RTL: cfg_sz 14, total sz 20270
Apr  6 07:56:33 debian kernel: [    4.343998] 
Apr  6 07:56:33 debian kernel: [    4.354728] usbcore: registered new interface driver uvcvideo
Apr  6 07:56:33 debian kernel: [    4.354730] USB Video Class driver (1.1.1)
Apr  6 07:56:33 debian kernel: [    4.382554] r8822be: Using firmware rtlwifi/rtl8822befw.bin
Apr  6 07:56:33 debian kernel: [    4.383560] r8822be 0000:02:00.0: firmware: direct-loading firmware rtlwifi/rtl8822befw.bin
Apr  6 07:56:33 debian kernel: [    4.391345] battery: ACPI: Battery Slot [BAT1] (battery present)
Apr  6 07:56:33 debian kernel: [    4.395839] snd_hda_codec_realtek hdaudioC0D0: autoconfig for ALC257: line_outs=1 (0x14/0x0/0x0/0x0/0x0) type:speaker
Apr  6 07:56:33 debian kernel: [    4.395841] snd_hda_codec_realtek hdaudioC0D0:    speaker_outs=0 (0x0/0x0/0x0/0x0/0x0)
Apr  6 07:56:33 debian kernel: [    4.395842] snd_hda_codec_realtek hdaudioC0D0:    hp_outs=1 (0x21/0x0/0x0/0x0/0x0)
Apr  6 07:56:33 debian bluetoothd[634]: Bluetooth daemon 5.50
Apr  6 07:56:33 debian kernel: [    4.395843] snd_hda_codec_realtek hdaudioC0D0:    mono: mono_out=0x0
Apr  6 07:56:33 debian kernel: [    4.395844] snd_hda_codec_realtek hdaudioC0D0:    inputs:
Apr  6 07:56:33 debian kernel: [    4.395845] snd_hda_codec_realtek hdaudioC0D0:      Mic=0x19
Apr  6 07:56:33 debian kernel: [    4.395845] snd_hda_codec_realtek hdaudioC0D0:      Internal Mic=0x12
Apr  6 07:56:33 debian kernel: [    4.396557] ieee80211 phy0: Selected rate control algorithm 'rtl_rc'
Apr  6 07:56:33 debian kernel: [    4.396729] r8822be: rtlwifi: wireless switch is on
Apr  6 07:56:33 debian kernel: [    4.403318] r8822be 0000:02:00.0 wlp2s0: renamed from wlan0
Apr  6 07:56:33 debian kernel: [    4.454450] input: HDA Digital PCBeep as /devices/pci0000:00/0000:00:1f.3/sound/card0/input16
Apr  6 07:56:33 debian kernel: [    4.455273] input: HDA Intel PCH Mic as /devices/pci0000:00/0000:00:1f.3/sound/card0/input17
Apr  6 07:56:33 debian kernel: [    4.455306] input: HDA Intel PCH Headphone as /devices/pci0000:00/0000:00:1f.3/sound/card0/input18
Apr  6 07:56:33 debian kernel: [    4.455351] input: HDA Intel PCH HDMI/DP,pcm=3 as /devices/pci0000:00/0000:00:1f.3/sound/card0/input19
Apr  6 07:56:33 debian kernel: [    4.455387] input: HDA Intel PCH HDMI/DP,pcm=7 as /devices/pci0000:00/0000:00:1f.3/sound/card0/input20
Apr  6 07:56:33 debian kernel: [    4.455416] input: HDA Intel PCH HDMI/DP,pcm=8 as /devices/pci0000:00/0000:00:1f.3/sound/card0/input21
Apr  6 07:56:33 debian kernel: [    4.455461] input: HDA Intel PCH HDMI/DP,pcm=9 as /devices/pci0000:00/0000:00:1f.3/sound/card0/input22
Apr  6 07:56:33 debian kernel: [    4.455484] input: HDA Intel PCH HDMI/DP,pcm=10 as /devices/pci0000:00/0000:00:1f.3/sound/card0/input23
Apr  6 07:56:33 debian kernel: [    4.466641] input: MSFT0001:02 06CB:7F28 Touchpad as /devices/pci0000:00/0000:00:15.0/i2c_designware.0/i2c-1/i2c-MSFT0001:02/0018:06CB:7F28.0001/input/input25
Apr  6 07:56:33 debian kernel: [    4.466716] hid-multitouch 0018:06CB:7F28.0001: input,hidraw0: I2C HID v1.00 Mouse [MSFT0001:02 06CB:7F28] on i2c-MSFT0001:02
Apr  6 07:56:33 debian kernel: [    4.495708] intel_rapl: Found RAPL domain package
Apr  6 07:56:33 debian kernel: [    4.495709] intel_rapl: Found RAPL domain core
Apr  6 07:56:33 debian kernel: [    4.495710] intel_rapl: Found RAPL domain uncore
Apr  6 07:56:33 debian kernel: [    4.495711] intel_rapl: Found RAPL domain dram
Apr  6 07:56:33 debian kernel: [    4.496553] audit: type=1400 audit(1617684993.340:2): apparmor="STATUS" operation="profile_load" profile="unconfined" name="libreoffice-xpdfimport" pid=576 comm="apparmor_parser"
Apr  6 07:56:33 debian kernel: [    4.496669] audit: type=1400 audit(1617684993.340:3): apparmor="STATUS" operation="profile_load" profile="unconfined" name="nvidia_modprobe" pid=570 comm="apparmor_parser"
Apr  6 07:56:33 debian kernel: [    4.496670] audit: type=1400 audit(1617684993.340:4): apparmor="STATUS" operation="profile_load" profile="unconfined" name="nvidia_modprobe//kmod" pid=570 comm="apparmor_parser"
Apr  6 07:56:33 debian kernel: [    4.496691] audit: type=1400 audit(1617684993.340:5): apparmor="STATUS" operation="profile_load" profile="unconfined" name="libreoffice-senddoc" pid=572 comm="apparmor_parser"
Apr  6 07:56:33 debian kernel: [    4.497355] audit: type=1400 audit(1617684993.340:6): apparmor="STATUS" operation="profile_load" profile="unconfined" name="/usr/bin/man" pid=574 comm="apparmor_parser"
Apr  6 07:56:33 debian kernel: [    4.497357] audit: type=1400 audit(1617684993.340:7): apparmor="STATUS" operation="profile_load" profile="unconfined" name="man_filter" pid=574 comm="apparmor_parser"
Apr  6 07:56:33 debian kernel: [    4.497359] audit: type=1400 audit(1617684993.340:8): apparmor="STATUS" operation="profile_load" profile="unconfined" name="man_groff" pid=574 comm="apparmor_parser"
Apr  6 07:56:33 debian kernel: [    4.497656] audit: type=1400 audit(1617684993.340:9): apparmor="STATUS" operation="profile_load" profile="unconfined" name="/usr/sbin/cups-browsed" pid=571 comm="apparmor_parser"
Apr  6 07:56:33 debian kernel: [    4.497967] audit: type=1400 audit(1617684993.340:10): apparmor="STATUS" operation="profile_load" profile="unconfined" name="libreoffice-oopslash" pid=577 comm="apparmor_parser"
Apr  6 07:56:33 debian systemd[1]: Started System Logging Service.
Apr  6 07:56:33 debian udisksd[641]: udisks daemon version 2.8.1 starting
Apr  6 07:56:33 debian systemd[1]: Started Raise network interfaces.
Apr  6 07:56:33 debian wpa_supplicant[623]: Successfully initialized wpa_supplicant
Apr  6 07:56:33 debian bluetoothd[634]: Starting SDP server
Apr  6 07:56:33 debian systemd[1]: Started Save/Restore Sound Card State.
Apr  6 07:56:33 debian systemd[1]: Started Bluetooth service.
Apr  6 07:56:33 debian systemd[1]: Started WPA supplicant.
Apr  6 07:56:33 debian systemd[1]: Reached target Bluetooth.
Apr  6 07:56:33 debian avahi-daemon[645]: Successfully dropped root privileges.
Apr  6 07:56:33 debian systemd[1]: Reached target Sound Card.
Apr  6 07:56:33 debian avahi-daemon[645]: avahi-daemon 0.7 starting up.
Apr  6 07:56:33 debian dbus-daemon[620]: [system] Activating via systemd: service name='org.freedesktop.PolicyKit1' unit='polkit.service' requested by ':1.4' (uid=0 pid=617 comm="/usr/sbin/ModemManager --filter-policy=strict ")
Apr  6 07:56:33 debian avahi-daemon[645]: Successfully called chroot().
Apr  6 07:56:33 debian avahi-daemon[645]: Successfully dropped remaining capabilities.
Apr  6 07:56:33 debian avahi-daemon[645]: No service file found in /etc/avahi/services.
Apr  6 07:56:33 debian systemd[1]: Started Avahi mDNS/DNS-SD Stack.
Apr  6 07:56:33 debian avahi-daemon[645]: Network interface enumeration completed.
Apr  6 07:56:33 debian avahi-daemon[645]: Server startup complete. Host name is debian.local. Local service cookie is 2003346102.
Apr  6 07:56:33 debian avahi-daemon[645]: Failed to parse address 'fe80::1%wlp2s0', ignoring.
Apr  6 07:56:33 debian systemd[1]: Started Make remote CUPS printers available locally.
Apr  6 07:56:33 debian systemd[1]: Starting Authorization Manager...
Apr  6 07:56:33 debian kernel: [    4.561275] Bluetooth: BNEP (Ethernet Emulation) ver 1.3
Apr  6 07:56:33 debian kernel: [    4.561276] Bluetooth: BNEP filters: protocol multicast
Apr  6 07:56:33 debian kernel: [    4.561278] Bluetooth: BNEP socket layer initialized
